195.93.211.65 www.goldenagri.com.sg - [05/Oct/2022:09:02:42 +0000] "GET /wp-content/uploads/2020/12/Group-3462.png HTTP/2.0" 200 5803 "https://www.goldenagri.com.sg/" "Mozilla/5.0 (Windows NT 10.0; Win64; x64) AppleWebKit/537.36 (KHTML, like Gecko) Chrome/105.0.0.0 Safari/537.36" | TLSv1.3 | - - 0.000 - 0 NC:000000 UP:-DT
‮
195.93.211.65 www.goldenagri.com.sg - [05/Oct/2022:09:02:42 +0000] "GET /wp-content/themes/gar-mdi/assets/img/ic_chevron_down.svg HTTP/2.0" 200 263 "https://www.goldenagri.com.sg/" "Mozilla/5.0 (Windows NT 10.0; Win64; x64) AppleWebKit/537.36 (KHTML, like Gecko) Chrome/105.0.0.0 Safari/537.36" | TLSv1.3 | - - 0.000 - 0 NC:000000 UP:-DT
‮
195.93.211.65 www.goldenagri.com.sg - [05/Oct/2022:09:02:42 +0000] "GET /wp-content/uploads/2020/12/Group-3461.png HTTP/2.0" 200 6709 "https://www.goldenagri.com.sg/" "Mozilla/5.0 (Windows NT 10.0; Win64; x64) AppleWebKit/537.36 (KHTML, like Gecko) Chrome/105.0.0.0 Safari/537.36" | TLSv1.3 | - - 0.000 - 0 NC:000000 UP:-DT
‮
195.93.211.65 www.goldenagri.com.sg - [05/Oct/2022:09:02:42 +0000] "GET /wp-content/themes/gar-mdi/assets/plugins/bootstrap-4.5.0/css/bootstrap.css HTTP/2.0" 200 35729 "https://www.goldenagri.com.sg/" "Mozilla/5.0 (Windows NT 10.0; Win64; x64) AppleWebKit/537.36 (KHTML, like Gecko) Chrome/105.0.0.0 Safari/537.36" | TLSv1.3 | - - 0.001 - 0 NC:000000 UP:-DT
‮
195.93.211.65 www.goldenagri.com.sg - [05/Oct/2022:09:02:42 +0000] "GET /wp-includes/js/jquery/ui/core.min.js?ver=1.13.1 HTTP/2.0" 200 7737 "https://www.goldenagri.com.sg/" "Mozilla/5.0 (Windows NT 10.0; Win64; x64) AppleWebKit/537.36 (KHTML, like Gecko) Chrome/105.0.0.0 Safari/537.36" | TLSv1.3 | - - 0.000 - 0 NC:000000 UP:-DT
‮
195.93.211.65 www.goldenagri.com.sg - [05/Oct/2022:09:02:42 +0000] "GET /wp-includes/js/jquery/jquery.min.js?ver=3.6.0 HTTP/2.0" 200 36052 "https://www.goldenagri.com.sg/" "Mozilla/5.0 (Windows NT 10.0; Win64; x64) AppleWebKit/537.36 (KHTML, like Gecko) Chrome/105.0.0.0 Safari/537.36" | TLSv1.3 | - - 0.000 - 0 NC:000000 UP:-DT
‮
195.93.211.65 www.goldenagri.com.sg - [05/Oct/2022:09:02:42 +0000] "GET /wp-includes/js/jquery/jquery-migrate.min.js?ver=3.3.2 HTTP/2.0" 200 4565 "https://www.goldenagri.com.sg/" "Mozilla/5.0 (Windows NT 10.0; Win64; x64) AppleWebKit/537.36 (KHTML, like Gecko) Chrome/105.0.0.0 Safari/537.36" | TLSv1.3 | - - 0.000 - 0 NC:000000 UP:-DT
‮
195.93.211.65 www.goldenagri.com.sg - [05/Oct/2022:09:02:42 +0000] "GET /wp-content/themes/gar-mdi/assets/plugins/fancybox/jquery.fancybox3.2.min.css HTTP/2.0" 200 3701 "https://www.goldenagri.com.sg/" "Mozilla/5.0 (Windows NT 10.0; Win64; x64) AppleWebKit/537.36 (KHTML, like Gecko) Chrome/105.0.0.0 Safari/537.36" | TLSv1.3 | - - 0.001 - 0 NC:000000 UP:-DT
‮
195.93.211.65 www.goldenagri.com.sg - [05/Oct/2022:09:02:42 +0000] "GET /wp-content/plugins/email-before-download/public/css/email-before-download-public.css?ver=6.9.6 HTTP/2.0" 200 116 "https://www.goldenagri.com.sg/" "Mozilla/5.0 (Windows NT 10.0; Win64; x64) AppleWebKit/537.36 (KHTML, like Gecko) Chrome/105.0.0.0 Safari/537.36" | TLSv1.3 | - - 0.000 - 0 NC:000000 UP:-DT
‮
195.93.211.65 www.goldenagri.com.sg - [05/Oct/2022:09:02:42 +0000] "GET /wp-includes/css/dist/block-library/style.min.css?ver=6.0.2 HTTP/2.0" 200 15139 "https://www.goldenagri.com.sg/" "Mozilla/5.0 (Windows NT 10.0; Win64; x64) AppleWebKit/537.36 (KHTML, like Gecko) Chrome/105.0.0.0 Safari/537.36" | TLSv1.3 | - - 0.000 - 0 NC:000000 UP:-DT
‮
195.93.211.65 www.goldenagri.com.sg - [05/Oct/2022:09:02:41 +0000] "GET /?mcsf_action=main_css&ver=6.0.2 HTTP/2.0" 200 389 "https://www.goldenagri.com.sg/" "Mozilla/5.0 (Windows NT 10.0; Win64; x64) AppleWebKit/537.36 (KHTML, like Gecko) Chrome/105.0.0.0 Safari/537.36" | TLSv1.3 | - - 0.000 HIT 0 NC:000000 UP:-
‮
195.93.211.65 www.goldenagri.com.sg - [05/Oct/2022:09:02:41 +0000] "GET / HTTP/2.0" 200 18928 "https://www.google.com/" "Mozilla/5.0 (Windows NT 10.0; Win64; x64) AppleWebKit/537.36 (KHTML, like Gecko) Chrome/105.0.0.0 Safari/537.36" | TLSv1.3 | - - 0.001 HIT 0 NC:000000 UP:-
‮
18.214.192.90 www.goldenagri.com.sg - [05/Oct/2022:09:02:39 +0000] "GET /wp-admin/admin-ajax.php?postviews_id=63438&action=postviews&_=1664960558915 HTTP/2.0" 200 5 "https://www.goldenagri.com.sg/investors/financial-highlights-reports-presentations/quarterly-reports/" "Mozilla/5.0 (Windows NT 10.0; WOW64) AppleWebKit/537.36 (KHTML, like Gecko) Chrome/90.0.4430.72 Safari/537.36" | TLSv1.3 | 0.267 0.267 0.267 MISS 0 NC:000000 UP:SKIP_CACHE_NO_CACHE
‮
18.214.192.90 www.goldenagri.com.sg - [05/Oct/2022:09:02:38 +0000] "GET /?mcsf_action=main_css&ver=6.0.2 HTTP/2.0" 200 389 "https://www.goldenagri.com.sg/investors/financial-highlights-reports-presentations/quarterly-reports/" "Mozilla/5.0 (Windows NT 10.0; WOW64) AppleWebKit/537.36 (KHTML, like Gecko) Chrome/90.0.4430.72 Safari/537.36" | TLSv1.3 | - - 0.000 HIT 0 NC:000000 UP:-
‮
18.214.192.90 www.goldenagri.com.sg - [05/Oct/2022:09:02:38 +0000] "GET /investors/financial-highlights-reports-presentations/quarterly-reports/ HTTP/2.0" 200 17244 "-" "Mozilla/5.0 (Windows NT 10.0; WOW64) AppleWebKit/537.36 (KHTML, like Gecko) Chrome/90.0.4430.72 Safari/537.36" | TLSv1.3 | - - 0.000 HIT 0 NC:000000 UP:-
‮
66.96.249.130 www.goldenagri.com.sg - [05/Oct/2022:09:02:32 +0000] "GET /wp-content/uploads/2019/04/hrn3.jpg HTTP/2.0" 200 390150 "https://www.goldenagri.com.sg/harnessing-biogas-in-palm-oil-production/" "Mozilla/5.0 (Windows NT 10.0; Win64; x64) AppleWebKit/537.36 (KHTML, like Gecko) Chrome/105.0.0.0 Safari/537.36" | TLSv1.3 | - - 0.018 - 0 NC:000000 UP:-DT
‮
18.214.192.90 www.goldenagri.com.sg - [05/Oct/2022:09:02:32 +0000] "GET /wp-content/uploads/2022/04/operation-review-2.png HTTP/2.0" 200 217345 "https://www.goldenagri.com.sg/investors/financial-highlights-reports-presentations/annual-reports/" "Mozilla/5.0 (Windows NT 10.0; WOW64) AppleWebKit/537.36 (KHTML, like Gecko) Chrome/90.0.4430.72 Safari/537.36" | TLSv1.3 | - - 0.722 - 0 NC:000000 UP:-DT
‮
18.214.192.90 goldenagri.com.sg - [05/Oct/2022:09:02:31 +0000] "GET /wp-content/uploads/2020/12/icn-sup.svg HTTP/2.0" 200 526 "https://www.goldenagri.com.sg/" "Mozilla/5.0 (Windows NT 10.0; WOW64) AppleWebKit/537.36 (KHTML, like Gecko) Chrome/90.0.4430.72 Safari/537.36" | TLSv1.3 | - - 0.000 - 0 NC:000000 UP:-DT
‮
18.214.192.90 www.goldenagri.com.sg - [05/Oct/2022:09:02:31 +0000] "GET /wp-admin/admin-ajax.php?postviews_id=63445&action=postviews&_=1664960550540 HTTP/2.0" 200 5 "https://www.goldenagri.com.sg/investors/financial-highlights-reports-presentations/annual-reports/" "Mozilla/5.0 (Windows NT 10.0; WOW64) AppleWebKit/537.36 (KHTML, like Gecko) Chrome/90.0.4430.72 Safari/537.36" | TLSv1.3 | 0.289 0.289 0.289 MISS 0 NC:000000 UP:SKIP_CACHE_NO_CACHE
‮
18.214.192.90 www.goldenagri.com.sg - [05/Oct/2022:09:02:30 +0000] "GET /?mcsf_action=main_css&ver=6.0.2 HTTP/2.0" 200 389 "https://www.goldenagri.com.sg/investors/financial-highlights-reports-presentations/annual-reports/" "Mozilla/5.0 (Windows NT 10.0; WOW64) AppleWebKit/537.36 (KHTML, like Gecko) Chrome/90.0.4430.72 Safari/537.36" | TLSv1.3 | - - 0.000 HIT 0 NC:000000 UP:-
‮
18.214.192.90 www.goldenagri.com.sg - [05/Oct/2022:09:02:29 +0000] "GET /investors/financial-highlights-reports-presentations/annual-reports/ HTTP/2.0" 200 19134 "-" "Mozilla/5.0 (Windows NT 10.0; WOW64) AppleWebKit/537.36 (KHTML, like Gecko) Chrome/90.0.4430.72 Safari/537.36" | TLSv1.3 | - - 0.000 HIT 0 NC:000000 UP:-
‮
66.96.249.130 www.goldenagri.com.sg - [05/Oct/2022:09:02:29 +0000] "GET /wp-admin/admin-ajax.php?postviews_id=33100&action=postviews&_=1664960138238 HTTP/2.0" 200 4 "https://www.goldenagri.com.sg/harnessing-biogas-in-palm-oil-production/" "Mozilla/5.0 (Windows NT 10.0; Win64; x64) AppleWebKit/537.36 (KHTML, like Gecko) Chrome/105.0.0.0 Safari/537.36" | TLSv1.3 | 0.351 0.351 0.351 MISS 0 NC:000000 UP:SKIP_CACHE_NO_CACHE
‮
66.96.249.130 www.goldenagri.com.sg - [05/Oct/2022:09:02:28 +0000] "GET /?mcsf_action=main_css&ver=6.0.2 HTTP/2.0" 200 389 "https://www.goldenagri.com.sg/harnessing-biogas-in-palm-oil-production/" "Mozilla/5.0 (Windows NT 10.0; Win64; x64) AppleWebKit/537.36 (KHTML, like Gecko) Chrome/105.0.0.0 Safari/537.36" | TLSv1.3 | - - 0.000 HIT 0 NC:000000 UP:-
‮
66.96.249.130 www.goldenagri.com.sg - [05/Oct/2022:09:02:27 +0000] "GET /harnessing-biogas-in-palm-oil-production/ HTTP/2.0" 200 52891 "https://www.goldenagri.com.sg/search/?q=methane%20capture" "Mozilla/5.0 (Windows NT 10.0; Win64; x64) AppleWebKit/537.36 (KHTML, like Gecko) Chrome/105.0.0.0 Safari/537.36" | TLSv1.3 | - - 0.001 HIT 0 NC:000000 UP:-
‮
18.214.192.90 www.goldenagri.com.sg - [05/Oct/2022:09:02:21 +0000] "GET /wp-content/themes/gar-mdi/assets/fonts/tahoma.woff HTTP/2.0" 200 97220 "https://www.goldenagri.com.sg/wp-content/themes/gar-mdi/assets/css/style.css?v3.1" "Mozilla/5.0 (Windows NT 10.0; WOW64) AppleWebKit/537.36 (KHTML, like Gecko) Chrome/90.0.4430.72 Safari/537.36" | TLSv1.3 | - - 0.250 - 0 NC:000000 UP:-DT
‮
18.214.192.90 www.goldenagri.com.sg - [05/Oct/2022:09:02:20 +0000] "GET /wp-admin/admin-ajax.php?postviews_id=63438&action=postviews&_=1664960540114 HTTP/2.0" 200 5 "https://www.goldenagri.com.sg/investors/financial-highlights-reports-presentations/quarterly-reports/" "Mozilla/5.0 (Windows NT 10.0; WOW64) AppleWebKit/537.36 (KHTML, like Gecko) Chrome/90.0.4430.72 Safari/537.36" | TLSv1.3 | 0.307 0.307 0.307 MISS 0 NC:000000 UP:SKIP_CACHE_NO_CACHE
‮
66.96.249.130 www.goldenagri.com.sg - [05/Oct/2022:09:02:20 +0000] "GET /wp-admin/admin-ajax.php?postviews_id=60991&action=postviews&_=1664960129381 HTTP/2.0" 200 4 "https://www.goldenagri.com.sg/search/?q=methane%20capture" "Mozilla/5.0 (Windows NT 10.0; Win64; x64) AppleWebKit/537.36 (KHTML, like Gecko) Chrome/105.0.0.0 Safari/537.36" | TLSv1.3 | 0.363 0.363 0.363 MISS 0 NC:000000 UP:SKIP_CACHE_NO_CACHE
‮
66.96.249.130 www.goldenagri.com.sg - [05/Oct/2022:09:02:20 +0000] "GET /?mcsf_action=main_css&ver=6.0.2 HTTP/2.0" 200 389 "https://www.goldenagri.com.sg/search/?q=methane%20capture" "Mozilla/5.0 (Windows NT 10.0; Win64; x64) AppleWebKit/537.36 (KHTML, like Gecko) Chrome/105.0.0.0 Safari/537.36" | TLSv1.3 | - - 0.000 HIT 0 NC:000000 UP:-
‮
18.214.192.90 www.goldenagri.com.sg - [05/Oct/2022:09:02:19 +0000] "GET /?mcsf_action=main_css&ver=6.0.2 HTTP/2.0" 200 389 "https://www.goldenagri.com.sg/investors/financial-highlights-reports-presentations/quarterly-reports/" "Mozilla/5.0 (Windows NT 10.0; WOW64) AppleWebKit/537.36 (KHTML, like Gecko) Chrome/90.0.4430.72 Safari/537.36" | TLSv1.3 | - - 0.000 HIT 0 NC:000000 UP:-
‮
66.96.249.130 www.goldenagri.com.sg - [05/Oct/2022:09:02:19 +0000] "GET /search/?q=methane%20capture HTTP/2.0" 200 15300 "https://www.goldenagri.com.sg/forest-conservation-determine-protect/" "Mozilla/5.0 (Windows NT 10.0; Win64; x64) AppleWebKit/537.36 (KHTML, like Gecko) Chrome/105.0.0.0 Safari/537.36" | TLSv1.3 | 0.455 0.460 0.460 MISS 0 NC:000000 UP:-
‮
18.214.192.90 www.goldenagri.com.sg - [05/Oct/2022:09:02:19 +0000] "GET /investors/financial-highlights-reports-presentations/quarterly-reports/ HTTP/2.0" 200 17244 "-" "Mozilla/5.0 (Windows NT 10.0; WOW64) AppleWebKit/537.36 (KHTML, like Gecko) Chrome/90.0.4430.72 Safari/537.36" | TLSv1.3 | - - 0.001 HIT 0 NC:000000 UP:-
‮
66.96.249.130 www.goldenagri.com.sg - [05/Oct/2022:09:02:19 +0000] "GET /search?q=methane%20capture HTTP/2.0" 301 0 "https://www.goldenagri.com.sg/forest-conservation-determine-protect/" "Mozilla/5.0 (Windows NT 10.0; Win64; x64) AppleWebKit/537.36 (KHTML, like Gecko) Chrome/105.0.0.0 Safari/537.36" | TLSv1.3 | 0.216 0.216 0.217 MISS 0 NC:000000 UP:-
‮
69.191.249.221 www.goldenagri.com.sg - [05/Oct/2022:09:02:17 +0000] "GET /investors/financial-highlights-reports-presentations/investor-presentations/ HTTP/2.0" 200 18300 "-" "Mozilla/5.0 (X11; Linux x86_64) AppleWebKit/537.36 (KHTML, like Gecko) Chrome/66.0.3359 Safari/537.36" | TLSv1.3 | - - 0.000 HIT 0 NC:000000 UP:-
‮
182.72.145.197 www.goldenagri.com.sg - [05/Oct/2022:09:02:02 +0000] "GET /news-events/press-releases/ HTTP/2.0" 200 39422 "-" "Mozilla/5.0 (X11; Linux x86_64) AppleWebKit/537.11 (KHTML, like Gecko) Chrome/65.0.3325.181 Safari/537.11" | TLSv1.3 | - - 0.001 HIT 0 NC:000000 UP:-
‮
182.72.145.197 goldenagri.com.sg - [05/Oct/2022:09:02:01 +0000] "GET /newsrooms/press-releases/ HTTP/1.1" 301 0 "-" "Mozilla/5.0 (X11; Linux x86_64) AppleWebKit/537.11 (KHTML, like Gecko) Chrome/65.0.3325.181 Safari/537.11" | TLSv1.2 | 0.263 0.263 0.264 MISS 0 NC:000000 UP:-
‮
50.17.242.50 www.goldenagri.com.sg - [05/Oct/2022:09:02:00 +0000] "GET /wp-admin/admin-ajax.php?postviews_id=36375&action=postviews&_=1664960516439 HTTP/2.0" 200 5 "https://www.goldenagri.com.sg/news-events/press-releases/" "Mozilla/5.0 (Windows NT 10.0; Win64; x64) AppleWebKit/537.36 (KHTML, like Gecko) Chrome/85.0.4183.83 Safari/537.36" | TLSv1.3 | 0.269 0.269 0.269 MISS 0 NC:000000 UP:SKIP_CACHE_NO_CACHE
‮
50.17.242.50 www.goldenagri.com.sg - [05/Oct/2022:09:01:58 +0000] "GET /wp-content/themes/gar-mdi/assets/plugins/chartjs/Chart.min.js HTTP/2.0" 200 62531 "https://www.goldenagri.com.sg/news-events/press-releases/" "Mozilla/5.0 (Windows NT 10.0; Win64; x64) AppleWebKit/537.36 (KHTML, like Gecko) Chrome/85.0.4183.83 Safari/537.36" | TLSv1.3 | - - 0.253 - 0 NC:000000 UP:-DT
‮
50.17.242.50 www.goldenagri.com.sg - [05/Oct/2022:09:01:55 +0000] "GET /?mcsf_action=main_css&ver=6.0.2 HTTP/2.0" 200 389 "https://www.goldenagri.com.sg/news-events/press-releases/" "Mozilla/5.0 (Windows NT 10.0; Win64; x64) AppleWebKit/537.36 (KHTML, like Gecko) Chrome/85.0.4183.83 Safari/537.36" | TLSv1.3 | - - 0.000 HIT 0 NC:000000 UP:-
‮
50.17.242.50 www.goldenagri.com.sg - [05/Oct/2022:09:01:55 +0000] "GET /news-events/press-releases/ HTTP/2.0" 200 39422 "-" "Mozilla/5.0 (Windows NT 10.0; Win64; x64) AppleWebKit/537.36 (KHTML, like Gecko) Chrome/85.0.4183.83 Safari/537.36" | TLSv1.3 | - - 0.000 HIT 0 NC:000000 UP:-
‮
54.146.160.207 goldenagri.com.sg - [05/Oct/2022:09:01:55 +0000] "GET /newsrooms/press-releases/ HTTP/1.1" 301 0 "-" "Mozilla/5.0 (Windows NT 10.0; Win64; x64) AppleWebKit/537.36 (KHTML, like Gecko) Chrome/85.0.4183.83 Safari/537.36" | TLSv1.2 | 0.230 0.230 0.230 MISS 0 NC:000000 UP:-
‮
54.146.160.207 goldenagri.com.sg - [05/Oct/2022:09:01:53 +0000] "GET /newsrooms/press-releases/ HTTP/1.1" 301 259 "-" "Mozilla/5.0 (Windows NT 10.0; Win64; x64) AppleWebKit/537.36 (KHTML, like Gecko) Chrome/85.0.4183.83 Safari/537.36" | - | 0.012 0.012 0.012 MISS 0 NC:000000 UP:-
‮
69.191.249.202 www.goldenagri.com.sg - [05/Oct/2022:09:01:46 +0000] "GET /news-events/press-releases/ HTTP/2.0" 200 39422 "-" "Mozilla/5.0 (X11; Linux x86_64) AppleWebKit/537.36 (KHTML, like Gecko) Chrome/66.0.3359 Safari/537.36" | TLSv1.3 | - - 0.001 HIT 0 NC:000000 UP:-
‮
66.249.71.211 goldenagri.com.sg - [05/Oct/2022:09:01:28 +0000] "GET /wp-content/uploads/2020/04/Rev-Infographic-How-Palm-Oil-keeps-you-clean-06-1024x558.jpg HTTP/1.1" 200 76182 "-" "Googlebot-Image/1.0" | TLSv1.3 | - - 0.058 - 0 NC:000000 UP:-DT
‮
115.178.194.205 www.goldenagri.com.sg - [05/Oct/2022:09:01:26 +0000] "POST /wp-admin/admin-ajax.php HTTP/2.0" 200 67 "https://www.goldenagri.com.sg/wp-admin/index.php" "Mozilla/5.0 (Windows NT 10.0; Win64; x64) AppleWebKit/537.36 (KHTML, like Gecko) Chrome/105.0.0.0 Safari/537.36" | TLSv1.3 | 0.379 0.379 0.380 - 0 NC:200000 UP:-DT
‮
69.191.249.210 www.goldenagri.com.sg - [05/Oct/2022:09:01:12 +0000] "GET /investors/financial-highlights-reports-presentations/quarterly-reports/ HTTP/2.0" 200 17244 "-" "Mozilla/5.0 (X11; Linux x86_64) AppleWebKit/537.36 (KHTML, like Gecko) Chrome/66.0.3359 Safari/537.36" | TLSv1.3 | - - 0.001 HIT 0 NC:000000 UP:-
‮
129.126.160.33 www.goldenagri.com.sg - [05/Oct/2022:09:01:08 +0000] "GET /wp-admin/admin-ajax.php?postviews_id=36425&action=postviews&_=1664960467896 HTTP/2.0" 200 5 "https://www.goldenagri.com.sg/investors/" "Mozilla/5.0 (Windows NT 10.0; Win64; x64) AppleWebKit/537.36 (KHTML, like Gecko) Chrome/105.0.0.0 Safari/537.36 Edg/105.0.1343.53" | TLSv1.3 | 0.296 0.296 0.296 MISS 0 NC:000000 UP:SKIP_CACHE_NO_CACHE
‮
129.126.160.33 www.goldenagri.com.sg - [05/Oct/2022:09:01:07 +0000] "GET /?mcsf_action=main_css&ver=6.0.2 HTTP/2.0" 200 389 "https://www.goldenagri.com.sg/investors/" "Mozilla/5.0 (Windows NT 10.0; Win64; x64) AppleWebKit/537.36 (KHTML, like Gecko) Chrome/105.0.0.0 Safari/537.36 Edg/105.0.1343.53" | TLSv1.3 | - - 0.000 HIT 0 NC:000000 UP:-
‮
129.126.160.33 www.goldenagri.com.sg - [05/Oct/2022:09:01:07 +0000] "GET /investors/ HTTP/2.0" 200 19422 "https://www.bing.com/" "Mozilla/5.0 (Windows NT 10.0; Win64; x64) AppleWebKit/537.36 (KHTML, like Gecko) Chrome/105.0.0.0 Safari/537.36 Edg/105.0.1343.53" | TLSv1.3 | - - 0.001 HIT 0 NC:000000 UP:-
‮
66.249.79.179 www.goldenagri.com.sg - [05/Oct/2022:09:00:53 +0000] "GET /wp-admin/admin-ajax.php?postviews_id=36375&action=postviews&_=1664960400026 HTTP/2.0" 200 5 "https://www.goldenagri.com.sg/news-events/press-releases/" "Mozilla/5.0 AppleWebKit/537.36 (KHTML, like Gecko; compatible; Googlebot/2.1; +http://www.google.com/bot.html) Safari/537.36" | TLSv1.3 | 0.264 0.264 0.264 MISS 0 NC:000000 UP:SKIP_CACHE_NO_CACHE
‮
66.249.79.179 www.goldenagri.com.sg - [05/Oct/2022:09:00:44 +0000] "GET /news-events/press-releases/ HTTP/2.0" 200 39422 "-" "Mozilla/5.0 (compatible; Googlebot/2.1; +http://www.google.com/bot.html)" | TLSv1.3 | - - 0.001 HIT 0 NC:000000 UP:-
‮
66.249.71.211 goldenagri.com.sg - [05/Oct/2022:09:00:43 +0000] "GET /category/press-releases/ HTTP/1.1" 301 0 "-" "Mozilla/5.0 (compatible; Googlebot/2.1; +http://www.google.com/bot.html)" | TLSv1.3 | 0.195 0.195 0.195 MISS 0 NC:000000 UP:-
‮
66.96.249.130 goldenagri.com.sg - [05/Oct/2022:09:00:40 +0000] "POST /autodiscover/autodiscover.xml HTTP/1.1" 404 146 "-" "Microsoft Office/15.0 (Windows NT 10.0; Microsoft Outlook 15.0.5485; Pro)" | TLSv1.2 | - - 0.001 - 0 NC:000000 UP:-DT
‮
216.245.221.87 www.goldenagri.com.sg - [05/Oct/2022:09:00:26 +0000] "HEAD / HTTP/2.0" 200 0 "https://www.goldenagri.com.sg" "Mozilla/5.0+(compatible; UptimeRobot/2.0; http://www.uptimerobot.com/)" | TLSv1.3 | 0.236 0.236 0.237 - 0 NC:000000 UP:-DT
‮
17.121.115.93 www.goldenagri.com.sg - [05/Oct/2022:09:00:26 +0000] "GET /id/sustainable-development-goals-1/ HTTP/2.0" 200 53712 "-" "Mozilla/5.0 (Macintosh; Intel Mac OS X 10_15_5) AppleWebKit/605.1.15 (KHTML, like Gecko) Version/13.1.1 Safari/605.1.15 (Applebot/0.1; +http://www.apple.com/go/applebot)" | TLSv1.3 | 0.460 0.463 0.463 MISS 0 NC:000000 UP:-
‮
182.1.74.181 www.goldenagri.com.sg - [05/Oct/2022:09:00:24 +0000] "GET /?mcsf_action=main_css&ver=6.0.2 HTTP/2.0" 200 389 "https://www.goldenagri.com.sg/sustainability/sustainability-report/" "Mozilla/5.0 (Linux; Android 9; WP6) AppleWebKit/537.36 (KHTML, like Gecko) Chrome/79.0.3945.116 Mobile Safari/537.36" | TLSv1.3 | - - 0.000 HIT 0 NC:000000 UP:-
‮
182.1.74.181 www.goldenagri.com.sg - [05/Oct/2022:09:00:24 +0000] "GET /sustainability/sustainability-report/ HTTP/2.0" 200 19952 "android-app://com.linkedin.android" "Mozilla/5.0 (Linux; Android 9; WP6) AppleWebKit/537.36 (KHTML, like Gecko) Chrome/79.0.3945.116 Mobile Safari/537.36" | TLSv1.3 | - - 0.001 HIT 0 NC:000000 UP:-
‮
34.116.74.197 www.goldenagri.com.sg - [05/Oct/2022:09:00:18 +0000] "GET /id/products-service/seeds/ HTTP/2.0" 200 16495 "http://damimas.com/new/web/" "Mozilla/5.0 (compatible; MonsidoUptime/1.0; +http://monsido.com/uptime.html; info@monsido.com)" | TLSv1.3 | - - 0.001 HIT 0 NC:000000 UP:-
‮
114.111.32.218 www.goldenagri.com.sg - [05/Oct/2022:09:00:07 +0000] "GET /wp-admin/admin-ajax.php?postviews_id=3470&action=postviews&_=1664960406664 HTTP/2.0" 200 4 "https://www.goldenagri.com.sg/forest-conservation-determine-protect/" "Mozilla/5.0 AppleWebKit/537.36 (KHTML, like Gecko; compatible; Yeti/1.1; +https://naver.me/spd) Chrome/101.0.4951.0 Safari/537.36" | TLSv1.3 | 0.390 0.390 0.390 MISS 0 NC:000000 UP:SKIP_CACHE_NO_CACHE
‮
69.191.249.214 www.goldenagri.com.sg - [05/Oct/2022:09:00:06 +0000] "GET /investors/sgx-filings/ HTTP/2.0" 200 64356 "-" "Mozilla/5.0 (X11; Linux x86_64) AppleWebKit/537.36 (KHTML, like Gecko) Chrome/66.0.3359 Safari/537.36" | TLSv1.3 | - - 0.266 HIT 0 NC:000000 UP:-
‮
66.249.79.179 www.goldenagri.com.sg - [05/Oct/2022:09:00:06 +0000] "GET /wp-admin/admin-ajax.php?postviews_id=2502&action=postviews&_=1664064000000 HTTP/2.0" 200 3 "https://www.goldenagri.com.sg/cn/stronger-downstream-business-drives-golden-agri-ebitda-higher-in-the-last-quarter-of-2015-despite-weaker-cpo-prices/" "Mozilla/5.0 (Linux; Android 6.0.1; Nexus 5X Build/MMB29P) AppleWebKit/537.36 (KHTML, like Gecko) Chrome/105.0.5195.125 Mobile Safari/537.36 (compatible; Googlebot/2.1; +http://www.google.com/bot.html)" | TLSv1.3 | 0.303 0.303 0.310 MISS 0 NC:000000 UP:SKIP_CACHE_NO_CACHE
‮
114.111.32.218 www.goldenagri.com.sg - [05/Oct/2022:09:00:06 +0000] "GET /forest-conservation-determine-protect/ HTTP/2.0" 200 53420 "-" "Mozilla/5.0 (compatible; Yeti/1.1; +https://naver.me/spd)" | TLSv1.3 | - - 0.103 HIT 0 NC:000000 UP:-
‮
65.19.141.114 goldenagri.com.sg - [05/Oct/2022:09:00:00 +0000] "GET /category/in-the-news HTTP/1.1" 301 254 "-" "Mozilla/5.0 (Macintosh; Intel Mac OS X 10_11_0) AppleWebKit/537.36 (KHTML, like Gecko) Chrome/45.0.2454.46 Safari/537.36" | - | 0.007 0.007 0.008 MISS 0 NC:000000 UP:-
‮
51.222.253.14 www.goldenagri.com.sg - [05/Oct/2022:08:59:56 +0000] "GET /cn/sustainability/responsible-sourcing/supply-chain-map HTTP/2.0" 301 0 "-" "Mozilla/5.0 (compatible; AhrefsBot/7.0; +http://ahrefs.com/robot/)" | TLSv1.3 | 0.199 0.199 0.200 MISS 0 NC:000000 UP:-
‮
103.131.71.180 goldenagri.com.sg - [05/Oct/2022:08:59:51 +0000] "GET /wp-content/uploads/2019/04/GAR-AR-2018_final_LowRes.pdf HTTP/1.1" 304 0 "-" "Mozilla/5.0 (compatible; coccocbot-web/1.0; +http://help.coccoc.com/searchengine)" | TLSv1.2 | - - 0.000 - 0 NC:000000 UP:-DT
‮
136.243.228.178 www.goldenagri.com.sg - [05/Oct/2022:08:59:47 +0000] "GET /cn/feed/ HTTP/2.0" 200 120090 "-" "Mozilla/5.0 (compatible; DataForSeoBot/1.0; +https://dataforseo.com/dataforseo-bot)" | TLSv1.3 | - - 0.340 HIT 0 NC:000000 UP:-
‮
103.131.71.69 www.goldenagri.com.sg - [05/Oct/2022:08:59:46 +0000] "GET /robots.txt HTTP/2.0" 200 97 "-" "Mozilla/5.0 (compatible; coccocbot-web/1.0; +http://help.coccoc.com/searchengine)" | TLSv1.3 | - - 0.000 HIT 0 NC:000000 UP:-
‮
103.131.71.69 goldenagri.com.sg - [05/Oct/2022:08:59:45 +0000] "GET /robots.txt HTTP/1.1" 301 0 "-" "Mozilla/5.0 (compatible; coccocbot-web/1.0; +http://help.coccoc.com/searchengine)" | TLSv1.2 | 0.200 0.200 0.201 MISS 0 NC:000000 UP:-
‮
103.131.71.69 goldenagri.com.sg - [05/Oct/2022:08:59:42 +0000] "GET /robots.txt HTTP/1.1" 301 244 "-" "Mozilla/5.0 (compatible; coccocbot-web/1.0; +http://help.coccoc.com/searchengine)" | - | 0.010 0.010 0.010 MISS 0 NC:000000 UP:-
‮
136.243.228.178 www.goldenagri.com.sg - [05/Oct/2022:08:59:32 +0000] "GET /id/comments/feed/ HTTP/2.0" 200 761 "-" "Mozilla/5.0 (compatible; DataForSeoBot/1.0; +https://dataforseo.com/dataforseo-bot)" | TLSv1.3 | - - 0.001 HIT 0 NC:000000 UP:-
‮
69.191.249.221 www.goldenagri.com.sg - [05/Oct/2022:08:59:30 +0000] "GET /investors/ HTTP/2.0" 200 19422 "-" "Mozilla/5.0 (X11; Linux x86_64) AppleWebKit/537.36 (KHTML, like Gecko) Chrome/66.0.3359 Safari/537.36" | TLSv1.3 | - - 0.001 HIT 0 NC:000000 UP:-
‮
66.96.249.130 www.goldenagri.com.sg - [05/Oct/2022:08:59:26 +0000] "POST /wp-admin/admin-ajax.php HTTP/2.0" 200 67 "https://www.goldenagri.com.sg/wp-admin/index.php" "Mozilla/5.0 (Windows NT 10.0; Win64; x64) AppleWebKit/537.36 (KHTML, like Gecko) Chrome/105.0.0.0 Safari/537.36" | TLSv1.3 | 0.251 0.251 0.252 - 0 NC:200000 UP:-DT
‮
66.249.79.179 www.goldenagri.com.sg - [05/Oct/2022:08:59:24 +0000] "GET /id/feed/ HTTP/2.0" 304 0 "-" "Mozilla/5.0 (compatible; Googlebot/2.1; +http://www.google.com/bot.html)" | TLSv1.3 | - - 0.001 HIT 0 NC:000000 UP:-
‮
65.19.141.114 www.goldenagri.com.sg - [05/Oct/2022:08:59:20 +0000] "GET /news-events/ HTTP/2.0" 200 17980 "-" "Mozilla/5.0 (Macintosh; Intel Mac OS X 10_11_0) AppleWebKit/537.36 (KHTML, like Gecko) Chrome/45.0.2454.46 Safari/537.36" | TLSv1.3 | - - 0.000 HIT 0 NC:000000 UP:-
‮
65.19.141.114 www.goldenagri.com.sg - [05/Oct/2022:08:59:19 +0000] "GET /newsrooms/ HTTP/2.0" 301 0 "-" "Mozilla/5.0 (Macintosh; Intel Mac OS X 10_11_0) AppleWebKit/537.36 (KHTML, like Gecko) Chrome/45.0.2454.46 Safari/537.36" | TLSv1.3 | 0.155 0.155 0.156 MISS 0 NC:000000 UP:-
‮
65.19.141.114 www.goldenagri.com.sg - [05/Oct/2022:08:59:17 +0000] "GET /newsroom/ HTTP/2.0" 301 0 "-" "Mozilla/5.0 (Macintosh; Intel Mac OS X 10_11_0) AppleWebKit/537.36 (KHTML, like Gecko) Chrome/45.0.2454.46 Safari/537.36" | TLSv1.3 | 0.231 0.231 0.232 MISS 0 NC:000000 UP:-
‮
129.126.160.33 www.goldenagri.com.sg - [05/Oct/2022:08:59:06 +0000] "GET /wp-content/uploads/2022/06/GAR28-30-06-2022-SR2021.pdf HTTP/2.0" 200 13771972 "https://www.goldenagri.com.sg/investors/sgx-filings/" "Mozilla/5.0 (Windows NT 10.0; Win64; x64) AppleWebKit/537.36 (KHTML, like Gecko) Chrome/105.0.0.0 Safari/537.36 Edg/105.0.1343.53" | TLSv1.3 | - - 0.302 - 0 NC:000000 UP:-DT
‮
66.249.79.181 www.goldenagri.com.sg - [05/Oct/2022:08:59:04 +0000] "GET /cn/stronger-downstream-business-drives-golden-agri-ebitda-higher-in-the-last-quarter-of-2015-despite-weaker-cpo-prices/ HTTP/2.0" 200 55097 "-" "Mozilla/5.0 (Linux; Android 6.0.1; Nexus 5X Build/MMB29P) AppleWebKit/537.36 (KHTML, like Gecko) Chrome/105.0.5195.125 Mobile Safari/537.36 (compatible; Googlebot/2.1; +http://www.google.com/bot.html)" | TLSv1.3 | - - 0.211 HIT 0 NC:000000 UP:-
‮
34.116.74.197 www.goldenagri.com.sg - [05/Oct/2022:08:59:04 +0000] "GET / HTTP/2.0" 200 18928 "https://goldenagri.com.sg/" "Mozilla/5.0 (compatible; MonsidoUptime/1.0; +http://monsido.com/uptime.html; info@monsido.com)" | TLSv1.3 | - - 0.001 HIT 0 NC:000000 UP:-
‮
34.116.74.197 goldenagri.com.sg - [05/Oct/2022:08:59:03 +0000] "GET / HTTP/1.1" 301 0 "-" "Mozilla/5.0 (compatible; MonsidoUptime/1.0; +http://monsido.com/uptime.html; info@monsido.com)" | TLSv1.2 | 0.551 0.551 0.551 MISS 0 NC:000000 UP:-
‮
35.213.153.2 www.goldenagri.com.sg - [05/Oct/2022:08:59:03 +0000] "POST /wp-cron.php?doing_wp_cron=1664960343.3096721172332763671875 HTTP/2.0" 200 0 "https://www.goldenagri.com.sg/wp-cron.php?doing_wp_cron=1664960343.3096721172332763671875" "WordPress/6.0.2; https://www.goldenagri.com.sg" | TLSv1.3 | 0.257 0.257 0.257 - 0 NC:040000 UP:-DT
‮
129.126.160.33 www.goldenagri.com.sg - [05/Oct/2022:08:58:54 +0000] "GET /wp-content/uploads/2022/08/GAR33-12-08-2022-Cash-Dividend-Distribution.pdf HTTP/2.0" 200 132961 "https://www.goldenagri.com.sg/investors/sgx-filings/" "Mozilla/5.0 (Windows NT 10.0; Win64; x64) AppleWebKit/537.36 (KHTML, like Gecko) Chrome/105.0.0.0 Safari/537.36 Edg/105.0.1343.53" | TLSv1.3 | - - 0.012 - 0 NC:000000 UP:-DT
‮
113.211.208.33 www.goldenagri.com.sg - [05/Oct/2022:08:58:53 +0000] "GET /?mcsf_action=main_css&ver=6.0.2 HTTP/2.0" 200 389 "https://www.goldenagri.com.sg/" "Mozilla/5.0 (Windows NT 10.0; Win64; x64) AppleWebKit/537.36 (KHTML, like Gecko) Chrome/106.0.0.0 Safari/537.36" | TLSv1.3 | - - 0.000 HIT 0 NC:000000 UP:-
‮
113.211.208.33 www.goldenagri.com.sg - [05/Oct/2022:08:58:53 +0000] "GET / HTTP/2.0" 200 18928 "https://www.google.com/" "Mozilla/5.0 (Windows NT 10.0; Win64; x64) AppleWebKit/537.36 (KHTML, like Gecko) Chrome/106.0.0.0 Safari/537.36" | TLSv1.3 | - - 0.001 HIT 0 NC:000000 UP:-
‮
129.126.160.33 www.goldenagri.com.sg - [05/Oct/2022:08:58:40 +0000] "GET /wp-content/uploads/2022/08/GAR34-12-08-2022-Asset-acquisition-of-disposals-pursuant-to-rule-706A.pdf HTTP/2.0" 200 134150 "https://www.goldenagri.com.sg/investors/sgx-filings/" "Mozilla/5.0 (Windows NT 10.0; Win64; x64) AppleWebKit/537.36 (KHTML, like Gecko) Chrome/105.0.0.0 Safari/537.36 Edg/105.0.1343.53" | TLSv1.3 | - - 0.017 - 0 NC:000000 UP:-DT
‮
65.19.141.114 www.goldenagri.com.sg - [05/Oct/2022:08:58:40 +0000] "GET /category/in-the-news/ HTTP/2.0" 404 709 "-" "Mozilla/5.0 (Macintosh; Intel Mac OS X 10_11_0) AppleWebKit/537.36 (KHTML, like Gecko) Chrome/45.0.2454.46 Safari/537.36" | TLSv1.3 | 0.278 0.278 0.279 MISS 0 NC:000000 UP:SKIP_CACHE_NO_CACHE
‮
135.125.11.160 www.goldenagri.com.sg - [05/Oct/2022:08:58:39 +0000] "GET /feed/ HTTP/2.0" 200 105494 "https://www.google.com" "Mozilla/5.0 (Windows NT 10.0; Win64; x64) AppleWebKit/537.36 (KHTML, like Gecko) Chrome/89.0.1519.26 Safari/537.36" | TLSv1.3 | - - 0.183 HIT 0 NC:000000 UP:-
‮
65.19.141.114 goldenagri.com.sg - [05/Oct/2022:08:58:39 +0000] "GET /category/in-the-news/ HTTP/1.1" 301 0 "-" "Mozilla/5.0 (Macintosh; Intel Mac OS X 10_11_0) AppleWebKit/537.36 (KHTML, like Gecko) Chrome/45.0.2454.46 Safari/537.36" | TLSv1.3 | 0.254 0.254 0.254 MISS 0 NC:000000 UP:-
‮
135.125.11.160 goldenagri.com.sg - [05/Oct/2022:08:58:38 +0000] "GET /feed HTTP/1.1" 301 0 "https://www.google.com" "Mozilla/5.0 (Windows NT 10.0; Win64; x64) AppleWebKit/537.36 (KHTML, like Gecko) Chrome/89.0.1519.26 Safari/537.36" | TLSv1.2 | 0.275 0.275 0.275 MISS 0 NC:000000 UP:-
‮
129.126.160.33 www.goldenagri.com.sg - [05/Oct/2022:08:58:29 +0000] "GET /wp-content/uploads/2022/08/GAR35-31-08-2022-GEFI.pdf HTTP/2.0" 200 126561 "https://www.goldenagri.com.sg/investors/sgx-filings/" "Mozilla/5.0 (Windows NT 10.0; Win64; x64) AppleWebKit/537.36 (KHTML, like Gecko) Chrome/105.0.0.0 Safari/537.36 Edg/105.0.1343.53" | TLSv1.3 | - - 0.018 - 0 NC:000000 UP:-DT
‮
66.96.249.130 www.goldenagri.com.sg - [05/Oct/2022:08:58:26 +0000] "POST /wp-admin/admin-ajax.php HTTP/2.0" 200 67 "https://www.goldenagri.com.sg/wp-admin/index.php" "Mozilla/5.0 (Windows NT 10.0; Win64; x64) AppleWebKit/537.36 (KHTML, like Gecko) Chrome/105.0.0.0 Safari/537.36" | TLSv1.3 | 0.411 0.411 0.412 - 0 NC:200000 UP:-DT
‮
65.19.141.114 www.goldenagri.com.sg - [05/Oct/2022:08:58:20 +0000] "GET /news-events/ HTTP/2.0" 200 17980 "-" "Mozilla/5.0 (Macintosh; Intel Mac OS X 10_11_0) AppleWebKit/537.36 (KHTML, like Gecko) Chrome/45.0.2454.46 Safari/537.36" | TLSv1.3 | - - 0.000 HIT 0 NC:000000 UP:-
‮
65.19.141.114 www.goldenagri.com.sg - [05/Oct/2022:08:58:19 +0000] "GET /newsrooms/ HTTP/2.0" 301 0 "-" "Mozilla/5.0 (Macintosh; Intel Mac OS X 10_11_0) AppleWebKit/537.36 (KHTML, like Gecko) Chrome/45.0.2454.46 Safari/537.36" | TLSv1.3 | 0.204 0.204 0.205 MISS 0 NC:000000 UP:-
‮
197.210.226.57 www.goldenagri.com.sg - [05/Oct/2022:08:58:18 +0000] "GET /contact-us/?marker-id=60897 HTTP/2.0" 200 16993 "-" "Mozilla/5.0 (Windows NT 10.0; Win64; x64; rv:102.0) Gecko/20100101 Firefox/102.0" | TLSv1.3 | 0.353 0.355 0.355 BYPASS 0 NC:000100 UP:-
‮
197.210.226.57 www.goldenagri.com.sg - [05/Oct/2022:08:58:18 +0000] "GET /contact-us/?marker-id=60892 HTTP/2.0" 200 16987 "-" "Mozilla/5.0 (Windows NT 10.0; Win64; x64; rv:102.0) Gecko/20100101 Firefox/102.0" | TLSv1.3 | 0.380 0.381 0.381 BYPASS 0 NC:000100 UP:-
‮
197.210.226.57 www.goldenagri.com.sg - [05/Oct/2022:08:58:18 +0000] "GET /contact-us/?marker-id=60893 HTTP/2.0" 200 16994 "-" "Mozilla/5.0 (Windows NT 10.0; Win64; x64; rv:102.0) Gecko/20100101 Firefox/102.0" | TLSv1.3 | 0.395 0.398 0.398 BYPASS 0 NC:000100 UP:-
‮
197.210.226.57 www.goldenagri.com.sg - [05/Oct/2022:08:58:17 +0000] "GET /contact-us?marker-id=60897 HTTP/2.0" 301 0 "-" "Mozilla/5.0 (Windows NT 10.0; Win64; x64; rv:102.0) Gecko/20100101 Firefox/102.0" | TLSv1.3 | 0.314 0.314 0.314 BYPASS 0 NC:000100 UP:-
‮
197.210.226.57 www.goldenagri.com.sg - [05/Oct/2022:08:58:17 +0000] "GET /contact-us?marker-id=60892 HTTP/2.0" 301 0 "-" "Mozilla/5.0 (Windows NT 10.0; Win64; x64; rv:102.0) Gecko/20100101 Firefox/102.0" | TLSv1.3 | 0.284 0.284 0.285 BYPASS 0 NC:000100 UP:-
‮
197.210.226.57 www.goldenagri.com.sg - [05/Oct/2022:08:58:17 +0000] "GET /contact-us?marker-id=60893 HTTP/2.0" 301 0 "-" "Mozilla/5.0 (Windows NT 10.0; Win64; x64; rv:102.0) Gecko/20100101 Firefox/102.0" | TLSv1.3 | 0.314 0.314 0.314 BYPASS 0 NC:000100 UP:-
‮
51.222.253.9 www.goldenagri.com.sg - [05/Oct/2022:08:58:17 +0000] "GET /cn/sustainability/responsible-sourcing/supplier-assessment HTTP/2.0" 301 0 "-" "Mozilla/5.0 (compatible; AhrefsBot/7.0; +http://ahrefs.com/robot/)" | TLSv1.3 | 0.309 0.309 0.310 MISS 0 NC:000000 UP:-
‮
65.19.141.114 goldenagri.com.sg - [05/Oct/2022:08:58:16 +0000] "GET /newsroom HTTP/1.1" 301 0 "-" "Mozilla/5.0 (Macintosh; Intel Mac OS X 10_11_0) AppleWebKit/537.36 (KHTML, like Gecko) Chrome/45.0.2454.46 Safari/537.36" | TLSv1.3 | 0.304 0.304 0.304 MISS 0 NC:000000 UP:-
‮
197.210.226.57 www.goldenagri.com.sg - [05/Oct/2022:08:58:15 +0000] "GET / HTTP/2.0" 200 18928 "-" "Mozilla/5.0 (Windows NT 10.0; Win64; x64; rv:102.0) Gecko/20100101 Firefox/102.0" | TLSv1.3 | - - 0.001 HIT 0 NC:000000 UP:-
‮
66.249.79.179 www.goldenagri.com.sg - [05/Oct/2022:08:58:07 +0000] "GET /news-and-events/blogs/ HTTP/2.0" 200 39855 "-" "Mozilla/5.0 (compatible; Googlebot/2.1; +http://www.google.com/bot.html)" | TLSv1.3 | - - 0.000 HIT 0 NC:000000 UP:-
‮
69.191.249.206 www.goldenagri.com.sg - [05/Oct/2022:08:58:04 +0000] "GET /investors/financial-highlights-reports-presentations/investor-presentations/ HTTP/2.0" 200 18300 "-" "Mozilla/5.0 (X11; Linux x86_64) AppleWebKit/537.36 (KHTML, like Gecko) Chrome/66.0.3359 Safari/537.36" | TLSv1.3 | - - 0.001 HIT 0 NC:000000 UP:-
‮
65.19.141.114 www.goldenagri.com.sg - [05/Oct/2022:08:57:58 +0000] "GET /news-events/ HTTP/2.0" 200 17980 "-" "Mozilla/5.0 (Macintosh; Intel Mac OS X 10_11_0) AppleWebKit/537.36 (KHTML, like Gecko) Chrome/45.0.2454.46 Safari/537.36" | TLSv1.3 | - - 0.000 HIT 0 NC:000000 UP:-
‮
65.19.141.114 www.goldenagri.com.sg - [05/Oct/2022:08:57:57 +0000] "GET /newsrooms/ HTTP/2.0" 301 0 "-" "Mozilla/5.0 (Macintosh; Intel Mac OS X 10_11_0) AppleWebKit/537.36 (KHTML, like Gecko) Chrome/45.0.2454.46 Safari/537.36" | TLSv1.3 | 0.140 0.140 0.140 MISS 0 NC:000000 UP:-
‮
65.19.141.114 goldenagri.com.sg - [05/Oct/2022:08:57:56 +0000] "GET /newsroom/ HTTP/1.1" 301 0 "-" "Mozilla/5.0 (Macintosh; Intel Mac OS X 10_11_0) AppleWebKit/537.36 (KHTML, like Gecko) Chrome/45.0.2454.46 Safari/537.36" | TLSv1.3 | 0.229 0.229 0.229 MISS 0 NC:000000 UP:-
‮
69.191.249.220 www.goldenagri.com.sg - [05/Oct/2022:08:57:48 +0000] "GET /news-events/press-releases/ HTTP/2.0" 200 39422 "-" "Mozilla/5.0 (X11; Linux x86_64) AppleWebKit/537.36 (KHTML, like Gecko) Chrome/66.0.3359 Safari/537.36" | TLSv1.3 | - - 0.000 HIT 0 NC:000000 UP:-
‮
129.126.160.33 www.goldenagri.com.sg - [05/Oct/2022:08:57:43 +0000] "GET /wp-admin/admin-ajax.php?postviews_id=60984&action=postviews&_=1664960263476 HTTP/2.0" 200 5 "https://www.goldenagri.com.sg/investors/sgx-filings/" "Mozilla/5.0 (Windows NT 10.0; Win64; x64) AppleWebKit/537.36 (KHTML, like Gecko) Chrome/105.0.0.0 Safari/537.36 Edg/105.0.1343.53" | TLSv1.3 | 0.339 0.339 0.339 MISS 0 NC:000000 UP:SKIP_CACHE_NO_CACHE
‮
129.126.160.33 www.goldenagri.com.sg - [05/Oct/2022:08:57:43 +0000] "GET /?mcsf_action=main_css&ver=6.0.2 HTTP/2.0" 200 389 "https://www.goldenagri.com.sg/investors/sgx-filings/" "Mozilla/5.0 (Windows NT 10.0; Win64; x64) AppleWebKit/537.36 (KHTML, like Gecko) Chrome/105.0.0.0 Safari/537.36 Edg/105.0.1343.53" | TLSv1.3 | - - 0.000 HIT 0 NC:000000 UP:-
‮
129.126.160.33 www.goldenagri.com.sg - [05/Oct/2022:08:57:43 +0000] "GET /investors/sgx-filings/ HTTP/2.0" 200 64356 "https://www.goldenagri.com.sg/news-events/" "Mozilla/5.0 (Windows NT 10.0; Win64; x64) AppleWebKit/537.36 (KHTML, like Gecko) Chrome/105.0.0.0 Safari/537.36 Edg/105.0.1343.53" | TLSv1.3 | - - 0.001 HIT 0 NC:000000 UP:-
‮
65.19.141.114 www.goldenagri.com.sg - [05/Oct/2022:08:57:36 +0000] "GET /category/in-the-news HTTP/2.0" 404 710 "-" "Mozilla/5.0 (Macintosh; Intel Mac OS X 10_11_0) AppleWebKit/537.36 (KHTML, like Gecko) Chrome/45.0.2454.46 Safari/537.36" | TLSv1.3 | 0.231 0.231 0.231 MISS 0 NC:000000 UP:SKIP_CACHE_NO_CACHE
‮
65.19.141.114 goldenagri.com.sg - [05/Oct/2022:08:57:34 +0000] "GET /category/in-the-news HTTP/1.1" 301 0 "-" "Mozilla/5.0 (Macintosh; Intel Mac OS X 10_11_0) AppleWebKit/537.36 (KHTML, like Gecko) Chrome/45.0.2454.46 Safari/537.36" | TLSv1.3 | 0.274 0.274 0.275 MISS 0 NC:000000 UP:-
‮
103.138.116.42 goldenagri.com.sg - [05/Oct/2022:08:57:29 +0000] "GET /wp-content/uploads/2019/10/smaf-sml.png HTTP/1.1" 200 8748 "-" "Mozilla/5.0 (compatible; MSIE 10.0; Windows NT 10.0; Win64; x64; Trident/7.0; Microsoft Outlook 16.0.10366; ms-office; MSOffice 16)" | TLSv1.2 | - - 0.001 - 0 NC:000000 UP:-DT
‮
17.121.113.100 www.goldenagri.com.sg - [05/Oct/2022:08:57:17 +0000] "GET /sustainability/responsible-sourcing/grievance-handling/ HTTP/2.0" 200 15645 "-" "Mozilla/5.0 (Macintosh; Intel Mac OS X 10_15_5) AppleWebKit/605.1.15 (KHTML, like Gecko) Version/13.1.1 Safari/605.1.15 (Applebot/0.1; +http://www.apple.com/go/applebot)" | TLSv1.3 | 0.311 0.313 0.314 MISS 0 NC:000000 UP:-
‮
69.191.249.219 www.goldenagri.com.sg - [05/Oct/2022:08:57:16 +0000] "GET /investors/financial-highlights-reports-presentations/quarterly-reports/ HTTP/2.0" 200 17244 "-" "Mozilla/5.0 (X11; Linux x86_64) AppleWebKit/537.36 (KHTML, like Gecko) Chrome/66.0.3359 Safari/537.36" | TLSv1.3 | - - 0.001 HIT 0 NC:000000 UP:-
‮
157.55.39.172 www.goldenagri.com.sg - [05/Oct/2022:08:57:05 +0000] "GET /cn/golden-agri-resources-gar-rebrands-its-animal-feed-supplements-as-gonutri-in-spain/ HTTP/2.0" 200 54019 "-" "Mozilla/5.0 (compatible; bingbot/2.0; +http://www.bing.com/bingbot.htm)" | TLSv1.3 | 0.523 0.529 0.531 MISS 0 NC:000000 UP:-
‮
199.244.88.225 www.goldenagri.com.sg - [05/Oct/2022:08:57:02 +0000] "GET /id/products-service/seeds/ HTTP/2.0" 200 16495 "http://damimas.com" "Mozilla/5.0 (X11; Linux x86_64) AppleWebKit/537.36 (KHTML, like Gecko) Chrome/105.0.0.0 Safari/537.36" | TLSv1.3 | - - 0.001 HIT 0 NC:000000 UP:-
‮
51.222.253.18 www.goldenagri.com.sg - [05/Oct/2022:08:56:42 +0000] "GET /cn/sustainability/responsible-sourcing/palm-supply-chain-traceability-and-transformation HTTP/2.0" 301 0 "-" "Mozilla/5.0 (compatible; AhrefsBot/7.0; +http://ahrefs.com/robot/)" | TLSv1.3 | 0.218 0.218 0.218 MISS 0 NC:000000 UP:-
‮
198.20.177.212 www.goldenagri.com.sg - [05/Oct/2022:08:56:39 +0000] "GET /contact-us/?marker-id=60897 HTTP/2.0" 200 16993 "-" "Mozilla/5.0 (Windows NT 10.0; Win64; x64; rv:102.0) Gecko/20100101 Firefox/102.0" | TLSv1.3 | 0.331 0.332 0.332 BYPASS 0 NC:000100 UP:-
‮
198.20.177.212 www.goldenagri.com.sg - [05/Oct/2022:08:56:39 +0000] "GET /contact-us/?marker-id=60892 HTTP/2.0" 200 16986 "-" "Mozilla/5.0 (Windows NT 10.0; Win64; x64; rv:102.0) Gecko/20100101 Firefox/102.0" | TLSv1.3 | 0.326 0.328 0.328 BYPASS 0 NC:000100 UP:-
‮
198.20.177.212 www.goldenagri.com.sg - [05/Oct/2022:08:56:39 +0000] "GET /about-us/our-achievements/ HTTP/2.0" 200 16730 "-" "Mozilla/5.0 (Windows NT 10.0; Win64; x64; rv:102.0) Gecko/20100101 Firefox/102.0" | TLSv1.3 | - - 0.000 HIT 0 NC:000000 UP:-
‮
198.20.177.212 www.goldenagri.com.sg - [05/Oct/2022:08:56:39 +0000] "GET /contact-us/ HTTP/2.0" 200 16971 "-" "Mozilla/5.0 (Windows NT 10.0; Win64; x64; rv:102.0) Gecko/20100101 Firefox/102.0" | TLSv1.3 | 0.290 0.291 0.290 BYPASS 0 NC:000100 UP:-
‮
198.20.177.212 www.goldenagri.com.sg - [05/Oct/2022:08:56:39 +0000] "GET /about-us/our-business/ HTTP/2.0" 200 17826 "-" "Mozilla/5.0 (Windows NT 10.0; Win64; x64; rv:102.0) Gecko/20100101 Firefox/102.0" | TLSv1.3 | - - 0.000 HIT 0 NC:000000 UP:-
‮
198.20.177.212 www.goldenagri.com.sg - [05/Oct/2022:08:56:39 +0000] "GET /about-us/our-leaderships/?tab=tab-0 HTTP/2.0" 200 21156 "-" "Mozilla/5.0 (Windows NT 10.0; Win64; x64; rv:102.0) Gecko/20100101 Firefox/102.0" | TLSv1.3 | - - 0.000 HIT 0 NC:000000 UP:-
‮
198.20.177.212 www.goldenagri.com.sg - [05/Oct/2022:08:56:39 +0000] "GET /about-us/our-achievements HTTP/2.0" 301 0 "-" "Mozilla/5.0 (Windows NT 10.0; Win64; x64; rv:102.0) Gecko/20100101 Firefox/102.0" | TLSv1.3 | 0.653 0.653 0.653 MISS 0 NC:000000 UP:-
‮
198.20.177.212 www.goldenagri.com.sg - [05/Oct/2022:08:56:39 +0000] "GET /about-us/our-business HTTP/2.0" 301 0 "-" "Mozilla/5.0 (Windows NT 10.0; Win64; x64; rv:102.0) Gecko/20100101 Firefox/102.0" | TLSv1.3 | 0.552 0.552 0.553 MISS 0 NC:000000 UP:-
‮
198.20.177.212 www.goldenagri.com.sg - [05/Oct/2022:08:56:39 +0000] "GET /about-us/our-leaderships/?tab=tab-1 HTTP/2.0" 200 21157 "-" "Mozilla/5.0 (Windows NT 10.0; Win64; x64; rv:102.0) Gecko/20100101 Firefox/102.0" | TLSv1.3 | - - 0.000 HIT 0 NC:000000 UP:-
‮
198.20.177.212 www.goldenagri.com.sg - [05/Oct/2022:08:56:39 +0000] "GET /suppliers/support-for-palm-suppliers/ HTTP/2.0" 200 19100 "-" "Mozilla/5.0 (Windows NT 10.0; Win64; x64; rv:102.0) Gecko/20100101 Firefox/102.0" | TLSv1.3 | - - 0.000 HIT 0 NC:000000 UP:-
‮
198.20.177.212 www.goldenagri.com.sg - [05/Oct/2022:08:56:39 +0000] "GET /about-us/ HTTP/2.0" 200 15696 "-" "Mozilla/5.0 (Windows NT 10.0; Win64; x64; rv:102.0) Gecko/20100101 Firefox/102.0" | TLSv1.3 | - - 0.000 HIT 0 NC:000000 UP:-
‮
198.20.177.212 www.goldenagri.com.sg - [05/Oct/2022:08:56:39 +0000] "GET /contact-us?marker-id=60892 HTTP/2.0" 301 0 "-" "Mozilla/5.0 (Windows NT 10.0; Win64; x64; rv:102.0) Gecko/20100101 Firefox/102.0" | TLSv1.3 | 0.511 0.511 0.512 BYPASS 0 NC:000100 UP:-
‮
198.20.177.212 www.goldenagri.com.sg - [05/Oct/2022:08:56:39 +0000] "GET /about-us/our-leaderships?tab=tab-0 HTTP/2.0" 301 0 "-" "Mozilla/5.0 (Windows NT 10.0; Win64; x64; rv:102.0) Gecko/20100101 Firefox/102.0" | TLSv1.3 | 0.515 0.515 0.516 MISS 0 NC:000000 UP:-
‮
198.20.177.212 www.goldenagri.com.sg - [05/Oct/2022:08:56:39 +0000] "GET /contact-us?marker-id=60897 HTTP/2.0" 301 0 "-" "Mozilla/5.0 (Windows NT 10.0; Win64; x64; rv:102.0) Gecko/20100101 Firefox/102.0" | TLSv1.3 | 0.493 0.493 0.493 BYPASS 0 NC:000100 UP:-
‮
198.20.177.212 www.goldenagri.com.sg - [05/Oct/2022:08:56:39 +0000] "GET /about-us/our-leaderships/ HTTP/2.0" 200 21152 "-" "Mozilla/5.0 (Windows NT 10.0; Win64; x64; rv:102.0) Gecko/20100101 Firefox/102.0" | TLSv1.3 | - - 0.000 HIT 0 NC:000000 UP:-
‮
198.20.177.212 www.goldenagri.com.sg - [05/Oct/2022:08:56:39 +0000] "GET /contact-us HTTP/2.0" 301 0 "-" "Mozilla/5.0 (Windows NT 10.0; Win64; x64; rv:102.0) Gecko/20100101 Firefox/102.0" | TLSv1.3 | 0.406 0.406 0.406 BYPASS 0 NC:000100 UP:-
‮
198.20.177.212 www.goldenagri.com.sg - [05/Oct/2022:08:56:39 +0000] "GET /about-us/our-governance/ HTTP/2.0" 200 17329 "-" "Mozilla/5.0 (Windows NT 10.0; Win64; x64; rv:102.0) Gecko/20100101 Firefox/102.0" | TLSv1.3 | - - 0.000 HIT 0 NC:000000 UP:-
‮
198.20.177.212 www.goldenagri.com.sg - [05/Oct/2022:08:56:39 +0000] "GET /about-us/our-shared-values/ HTTP/2.0" 200 15844 "-" "Mozilla/5.0 (Windows NT 10.0; Win64; x64; rv:102.0) Gecko/20100101 Firefox/102.0" | TLSv1.3 | - - 0.000 HIT 0 NC:000000 UP:-
‮
198.20.177.212 www.goldenagri.com.sg - [05/Oct/2022:08:56:39 +0000] "GET /about-us/our-leaderships?tab=tab-1 HTTP/2.0" 301 0 "-" "Mozilla/5.0 (Windows NT 10.0; Win64; x64; rv:102.0) Gecko/20100101 Firefox/102.0" | TLSv1.3 | 0.362 0.362 0.362 MISS 0 NC:000000 UP:-
‮
198.20.177.212 www.goldenagri.com.sg - [05/Oct/2022:08:56:39 +0000] "GET /suppliers/support-for-palm-suppliers HTTP/2.0" 301 0 "-" "Mozilla/5.0 (Windows NT 10.0; Win64; x64; rv:102.0) Gecko/20100101 Firefox/102.0" | TLSv1.3 | 0.341 0.341 0.341 MISS 0 NC:000000 UP:-
‮
198.20.177.212 www.goldenagri.com.sg - [05/Oct/2022:08:56:38 +0000] "GET /about-us HTTP/2.0" 301 0 "-" "Mozilla/5.0 (Windows NT 10.0; Win64; x64; rv:102.0) Gecko/20100101 Firefox/102.0" | TLSv1.3 | 0.397 0.397 0.397 MISS 0 NC:000000 UP:-
‮
198.20.177.212 www.goldenagri.com.sg - [05/Oct/2022:08:56:38 +0000] "GET /about-us/our-leaderships HTTP/2.0" 301 0 "-" "Mozilla/5.0 (Windows NT 10.0; Win64; x64; rv:102.0) Gecko/20100101 Firefox/102.0" | TLSv1.3 | 0.271 0.271 0.271 MISS 0 NC:000000 UP:-
‮
198.20.177.212 www.goldenagri.com.sg - [05/Oct/2022:08:56:38 +0000] "GET /about-us/our-governance HTTP/2.0" 301 0 "-" "Mozilla/5.0 (Windows NT 10.0; Win64; x64; rv:102.0) Gecko/20100101 Firefox/102.0" | TLSv1.3 | 0.220 0.220 0.220 MISS 0 NC:000000 UP:-
‮
198.20.177.212 www.goldenagri.com.sg - [05/Oct/2022:08:56:38 +0000] "GET /contact-us/?marker-id=60893 HTTP/2.0" 200 16994 "-" "Mozilla/5.0 (Windows NT 10.0; Win64; x64; rv:102.0) Gecko/20100101 Firefox/102.0" | TLSv1.3 | 0.339 0.340 0.340 BYPASS 0 NC:000100 UP:-
‮
198.20.177.212 www.goldenagri.com.sg - [05/Oct/2022:08:56:38 +0000] "GET /about-us/our-shared-values HTTP/2.0" 301 0 "-" "Mozilla/5.0 (Windows NT 10.0; Win64; x64; rv:102.0) Gecko/20100101 Firefox/102.0" | TLSv1.3 | 0.219 0.219 0.219 MISS 0 NC:000000 UP:-
‮
198.20.177.212 www.goldenagri.com.sg - [05/Oct/2022:08:56:38 +0000] "GET /contact-us?marker-id=60893 HTTP/2.0" 301 0 "-" "Mozilla/5.0 (Windows NT 10.0; Win64; x64; rv:102.0) Gecko/20100101 Firefox/102.0" | TLSv1.3 | 0.210 0.210 0.210 BYPASS 0 NC:000100 UP:-
‮
65.19.141.114 goldenagri.com.sg - [05/Oct/2022:08:56:37 +0000] "GET /newsroom HTTP/1.1" 301 242 "-" "Mozilla/5.0 (Macintosh; Intel Mac OS X 10_11_0) AppleWebKit/537.36 (KHTML, like Gecko) Chrome/45.0.2454.46 Safari/537.36" | - | 0.007 0.007 0.007 MISS 0 NC:000000 UP:-
‮
198.20.177.212 www.goldenagri.com.sg - [05/Oct/2022:08:56:36 +0000] "GET / HTTP/2.0" 200 18928 "-" "Mozilla/5.0 (Windows NT 10.0; Win64; x64; rv:102.0) Gecko/20100101 Firefox/102.0" | TLSv1.3 | - - 0.001 HIT 0 NC:000000 UP:-
‮
65.19.141.114 www.goldenagri.com.sg - [05/Oct/2022:08:56:35 +0000] "GET /robots.txt HTTP/2.0" 200 97 "-" "Mozilla/5.0 (Macintosh; Intel Mac OS X 10_11_0) AppleWebKit/537.36 (KHTML, like Gecko) Chrome/45.0.2454.46 Safari/537.36" | TLSv1.3 | - - 0.001 HIT 0 NC:000000 UP:-
‮
40.77.189.205 www.goldenagri.com.sg - [05/Oct/2022:08:56:33 +0000] "GET /wp-admin/admin-ajax.php?postviews_id=71317&action=postviews&_=1664960189831 HTTP/2.0" 200 3 "-" "Mozilla/5.0 (Windows NT 6.1; WOW64) AppleWebKit/534+ (KHTML, like Gecko) BingPreview/1.0b" | TLSv1.3 | 0.307 0.307 0.308 MISS 0 NC:000000 UP:SKIP_CACHE_NO_CACHE