158.140.131.122 www.goldenagri.com.sg - [05/Oct/2022:09:07:30 +0000] "GET /wp-admin/admin-ajax.php?postviews_id=60963&action=postviews&_=1664960849485 HTTP/2.0" 200 5 "https://www.goldenagri.com.sg/" "Mozilla/5.0 (X11; Linux x86_64; rv:78.0) Gecko/20100101 Firefox/78.0" | TLSv1.3 | 0.294 0.294 0.294 MISS 0 NC:000000 UP:SKIP_CACHE_NO_CACHE
‮
158.140.131.122 www.goldenagri.com.sg - [05/Oct/2022:09:07:29 +0000] "GET /?mcsf_action=main_css&ver=6.0.2 HTTP/2.0" 200 389 "https://www.goldenagri.com.sg/" "Mozilla/5.0 (X11; Linux x86_64; rv:78.0) Gecko/20100101 Firefox/78.0" | TLSv1.3 | - - 0.000 HIT 0 NC:000000 UP:-
‮
158.140.131.122 www.goldenagri.com.sg - [05/Oct/2022:09:07:29 +0000] "GET / HTTP/2.0" 200 18928 "-" "Mozilla/5.0 (X11; Linux x86_64; rv:78.0) Gecko/20100101 Firefox/78.0" | TLSv1.3 | - - 0.000 HIT 0 NC:000000 UP:-
‮
69.191.249.214 www.goldenagri.com.sg - [05/Oct/2022:09:07:25 +0000] "GET /investors/ HTTP/2.0" 200 19422 "-" "Mozilla/5.0 (X11; Linux x86_64) AppleWebKit/537.36 (KHTML, like Gecko) Chrome/66.0.3359 Safari/537.36" | TLSv1.3 | - - 0.001 HIT 0 NC:000000 UP:-
‮
158.140.131.122 www.goldenagri.com.sg - [05/Oct/2022:09:07:19 +0000] "GET /about-us HTTP/2.0" 301 0 "https://www.goldenagri.com.sg/" "Mozilla/5.0 (X11; Linux x86_64; rv:78.0) Gecko/20100101 Firefox/78.0" | TLSv1.3 | 0.198 0.198 0.198 MISS 0 NC:000000 UP:-
‮
158.140.131.122 www.goldenagri.com.sg - [05/Oct/2022:09:07:12 +0000] "GET /about-us HTTP/2.0" 301 0 "https://www.goldenagri.com.sg/" "Mozilla/5.0 (X11; Linux x86_64; rv:78.0) Gecko/20100101 Firefox/78.0" | TLSv1.3 | 0.235 0.235 0.235 MISS 0 NC:000000 UP:-
‮
158.140.131.122 www.goldenagri.com.sg - [05/Oct/2022:09:07:10 +0000] "GET /wp-admin/admin-ajax.php?postviews_id=60963&action=postviews&_=1664960829639 HTTP/2.0" 200 5 "https://www.goldenagri.com.sg/" "Mozilla/5.0 (X11; Linux x86_64; rv:78.0) Gecko/20100101 Firefox/78.0" | TLSv1.3 | 0.275 0.275 0.275 MISS 0 NC:000000 UP:SKIP_CACHE_NO_CACHE
‮
158.140.131.122 www.goldenagri.com.sg - [05/Oct/2022:09:07:09 +0000] "GET /?mcsf_action=main_css&ver=6.0.2 HTTP/2.0" 200 389 "https://www.goldenagri.com.sg/" "Mozilla/5.0 (X11; Linux x86_64; rv:78.0) Gecko/20100101 Firefox/78.0" | TLSv1.3 | - - 0.000 HIT 0 NC:000000 UP:-
‮
158.140.131.122 www.goldenagri.com.sg - [05/Oct/2022:09:07:09 +0000] "GET / HTTP/2.0" 200 18928 "-" "Mozilla/5.0 (X11; Linux x86_64; rv:78.0) Gecko/20100101 Firefox/78.0" | TLSv1.3 | - - 0.000 HIT 0 NC:000000 UP:-
‮
115.178.194.205 www.goldenagri.com.sg - [05/Oct/2022:09:07:09 +0000] "POST /wp-admin/admin-ajax.php HTTP/2.0" 200 67 "https://www.goldenagri.com.sg/wp-admin/index.php" "Mozilla/5.0 (Windows NT 10.0; Win64; x64) AppleWebKit/537.36 (KHTML, like Gecko) Chrome/105.0.0.0 Safari/537.36" | TLSv1.3 | 0.374 0.374 0.375 - 0 NC:200000 UP:-DT
‮
158.140.131.122 www.goldenagri.com.sg - [05/Oct/2022:09:07:07 +0000] "GET /wp-admin/admin-ajax.php?postviews_id=60963&action=postviews&_=1664960827299 HTTP/2.0" 200 5 "https://www.goldenagri.com.sg/" "Mozilla/5.0 (X11; Linux x86_64; rv:78.0) Gecko/20100101 Firefox/78.0" | TLSv1.3 | 0.274 0.274 0.274 MISS 0 NC:000000 UP:SKIP_CACHE_NO_CACHE
‮
158.140.131.122 www.goldenagri.com.sg - [05/Oct/2022:09:07:07 +0000] "GET /?mcsf_action=main_css&ver=6.0.2 HTTP/2.0" 200 389 "https://www.goldenagri.com.sg/" "Mozilla/5.0 (X11; Linux x86_64; rv:78.0) Gecko/20100101 Firefox/78.0" | TLSv1.3 | - - 0.000 HIT 0 NC:000000 UP:-
‮
158.140.131.122 www.goldenagri.com.sg - [05/Oct/2022:09:07:07 +0000] "GET / HTTP/2.0" 200 18928 "https://www.goldenagri.com.sg/" "Mozilla/5.0 (X11; Linux x86_64; rv:78.0) Gecko/20100101 Firefox/78.0" | TLSv1.3 | - - 0.000 HIT 0 NC:000000 UP:-
‮
207.46.13.209 www.goldenagri.com.sg - [05/Oct/2022:09:07:06 +0000] "GET /cn/sustainable-palm-oil-2022/ HTTP/2.0" 200 58654 "-" "Mozilla/5.0 (compatible; bingbot/2.0; +http://www.bing.com/bingbot.htm)" | TLSv1.3 | - - 0.400 HIT 0 NC:000000 UP:-
‮
158.140.131.122 www.goldenagri.com.sg - [05/Oct/2022:09:07:04 +0000] "GET /wp-admin/admin-ajax.php?postviews_id=60963&action=postviews&_=1664960824227 HTTP/2.0" 200 5 "https://www.goldenagri.com.sg/" "Mozilla/5.0 (X11; Linux x86_64; rv:78.0) Gecko/20100101 Firefox/78.0" | TLSv1.3 | 0.317 0.317 0.318 MISS 0 NC:000000 UP:SKIP_CACHE_NO_CACHE
‮
118.200.197.166 goldenagri.com.sg - [05/Oct/2022:09:07:04 +0000] "GET /wp-content/uploads/2021/02/smartbiodesel.pdf HTTP/2.0" 200 8026346 "-" "Mozilla/5.0 (Windows NT 10.0; Win64; x64) AppleWebKit/537.36 (KHTML, like Gecko) Chrome/105.0.0.0 Safari/537.36" | TLSv1.3 | - - 0.478 - 0 NC:000000 UP:-DT
‮
158.140.131.122 www.goldenagri.com.sg - [05/Oct/2022:09:07:03 +0000] "GET /?mcsf_action=main_css&ver=6.0.2 HTTP/2.0" 200 389 "https://www.goldenagri.com.sg/" "Mozilla/5.0 (X11; Linux x86_64; rv:78.0) Gecko/20100101 Firefox/78.0" | TLSv1.3 | - - 0.000 HIT 0 NC:000000 UP:-
‮
158.140.131.122 www.goldenagri.com.sg - [05/Oct/2022:09:07:03 +0000] "GET / HTTP/2.0" 200 18928 "-" "Mozilla/5.0 (X11; Linux x86_64; rv:78.0) Gecko/20100101 Firefox/78.0" | TLSv1.3 | - - 0.001 HIT 0 NC:000000 UP:-
‮
118.200.197.166 www.goldenagri.com.sg - [05/Oct/2022:09:06:59 +0000] "GET /wp-admin/admin-ajax.php?postviews_id=36309&action=postviews&_=1664960819553 HTTP/2.0" 200 4 "https://www.goldenagri.com.sg/products-service/biofuel/" "Mozilla/5.0 (Windows NT 10.0; Win64; x64) AppleWebKit/537.36 (KHTML, like Gecko) Chrome/105.0.0.0 Safari/537.36" | TLSv1.3 | 0.242 0.242 0.242 MISS 0 NC:000000 UP:SKIP_CACHE_NO_CACHE
‮
118.200.197.166 www.goldenagri.com.sg - [05/Oct/2022:09:06:59 +0000] "GET /wp-content/uploads/2020/12/bioenergy.png HTTP/2.0" 200 197060 "https://www.goldenagri.com.sg/products-service/biofuel/" "Mozilla/5.0 (Windows NT 10.0; Win64; x64) AppleWebKit/537.36 (KHTML, like Gecko) Chrome/105.0.0.0 Safari/537.36" | TLSv1.3 | - - 0.016 - 0 NC:000000 UP:-DT
‮
118.200.197.166 www.goldenagri.com.sg - [05/Oct/2022:09:06:59 +0000] "GET /wp-content/uploads/2019/03/Info-Biodiesel_Final_EN_sml.jpg HTTP/2.0" 200 278137 "https://www.goldenagri.com.sg/products-service/biofuel/" "Mozilla/5.0 (Windows NT 10.0; Win64; x64) AppleWebKit/537.36 (KHTML, like Gecko) Chrome/105.0.0.0 Safari/537.36" | TLSv1.3 | - - 0.016 - 0 NC:000000 UP:-DT
‮
118.200.197.166 www.goldenagri.com.sg - [05/Oct/2022:09:06:59 +0000] "GET /wp-content/uploads/2019/04/hrn4.jpg HTTP/2.0" 200 193199 "https://www.goldenagri.com.sg/products-service/biofuel/" "Mozilla/5.0 (Windows NT 10.0; Win64; x64) AppleWebKit/537.36 (KHTML, like Gecko) Chrome/105.0.0.0 Safari/537.36" | TLSv1.3 | - - 0.023 - 0 NC:000000 UP:-DT
‮
118.200.197.166 goldenagri.com.sg - [05/Oct/2022:09:06:59 +0000] "GET /wp-content/uploads/2020/12/icn-sup.svg HTTP/2.0" 200 526 "https://www.goldenagri.com.sg/" "Mozilla/5.0 (Windows NT 10.0; Win64; x64) AppleWebKit/537.36 (KHTML, like Gecko) Chrome/105.0.0.0 Safari/537.36" | TLSv1.3 | - - 0.000 - 0 NC:000000 UP:-DT
‮
118.200.197.166 www.goldenagri.com.sg - [05/Oct/2022:09:06:59 +0000] "GET /?mcsf_action=main_css&ver=6.0.2 HTTP/2.0" 200 389 "https://www.goldenagri.com.sg/products-service/biofuel/" "Mozilla/5.0 (Windows NT 10.0; Win64; x64) AppleWebKit/537.36 (KHTML, like Gecko) Chrome/105.0.0.0 Safari/537.36" | TLSv1.3 | - - 0.000 HIT 0 NC:000000 UP:-
‮
118.200.197.166 www.goldenagri.com.sg - [05/Oct/2022:09:06:59 +0000] "GET /products-service/biofuel/ HTTP/2.0" 200 16373 "https://www.goldenagri.com.sg/" "Mozilla/5.0 (Windows NT 10.0; Win64; x64) AppleWebKit/537.36 (KHTML, like Gecko) Chrome/105.0.0.0 Safari/537.36" | TLSv1.3 | - - 0.000 HIT 0 NC:000000 UP:-
‮
118.200.197.166 www.goldenagri.com.sg - [05/Oct/2022:09:06:59 +0000] "GET /products-service/biofuel HTTP/2.0" 301 0 "https://www.goldenagri.com.sg/" "Mozilla/5.0 (Windows NT 10.0; Win64; x64) AppleWebKit/537.36 (KHTML, like Gecko) Chrome/105.0.0.0 Safari/537.36" | TLSv1.3 | 0.215 0.215 0.216 MISS 0 NC:000000 UP:-
‮
158.140.131.122 www.goldenagri.com.sg - [05/Oct/2022:09:06:57 +0000] "GET /wp-admin/admin-ajax.php?postviews_id=60963&action=postviews&_=1664960817460 HTTP/2.0" 200 5 "https://www.goldenagri.com.sg/" "Mozilla/5.0 (X11; Linux x86_64; rv:78.0) Gecko/20100101 Firefox/78.0" | TLSv1.3 | 0.315 0.315 0.315 MISS 0 NC:000000 UP:SKIP_CACHE_NO_CACHE
‮
158.140.131.122 www.goldenagri.com.sg - [05/Oct/2022:09:06:57 +0000] "GET /?mcsf_action=main_css&ver=6.0.2 HTTP/2.0" 200 389 "https://www.goldenagri.com.sg/" "Mozilla/5.0 (X11; Linux x86_64; rv:78.0) Gecko/20100101 Firefox/78.0" | TLSv1.3 | - - 0.000 HIT 0 NC:000000 UP:-
‮
158.140.131.122 www.goldenagri.com.sg - [05/Oct/2022:09:06:57 +0000] "GET / HTTP/2.0" 200 18928 "-" "Mozilla/5.0 (X11; Linux x86_64; rv:78.0) Gecko/20100101 Firefox/78.0" | TLSv1.3 | - - 0.000 HIT 0 NC:000000 UP:-
‮
116.206.31.88 goldenagri.com.sg - [05/Oct/2022:09:06:57 +0000] "GET /wp-content/uploads/2021/01/about-img.png HTTP/2.0" 200 79054 "https://www.smart-tbk.com/" "Mozilla/5.0 (Linux; Android 9; RMX1941) AppleWebKit/537.36 (KHTML, like Gecko) Chrome/99.0.4844.73 Mobile Safari/537.36" | TLSv1.3 | - - 0.080 - 0 NC:000000 UP:-DT
‮
118.200.197.166 www.goldenagri.com.sg - [05/Oct/2022:09:06:55 +0000] "GET /wp-admin/admin-ajax.php?postviews_id=60963&action=postviews&_=1664960814791 HTTP/2.0" 200 5 "https://www.goldenagri.com.sg/" "Mozilla/5.0 (Windows NT 10.0; Win64; x64) AppleWebKit/537.36 (KHTML, like Gecko) Chrome/105.0.0.0 Safari/537.36" | TLSv1.3 | 0.272 0.272 0.271 MISS 0 NC:000000 UP:SKIP_CACHE_NO_CACHE
‮
118.200.197.166 www.goldenagri.com.sg - [05/Oct/2022:09:06:54 +0000] "GET /?mcsf_action=main_css&ver=6.0.2 HTTP/2.0" 200 389 "https://www.goldenagri.com.sg/" "Mozilla/5.0 (Windows NT 10.0; Win64; x64) AppleWebKit/537.36 (KHTML, like Gecko) Chrome/105.0.0.0 Safari/537.36" | TLSv1.3 | - - 0.000 HIT 0 NC:000000 UP:-
‮
118.200.197.166 www.goldenagri.com.sg - [05/Oct/2022:09:06:54 +0000] "GET / HTTP/2.0" 200 18928 "-" "Mozilla/5.0 (Windows NT 10.0; Win64; x64) AppleWebKit/537.36 (KHTML, like Gecko) Chrome/105.0.0.0 Safari/537.36" | TLSv1.3 | - - 0.000 HIT 0 NC:000000 UP:-
‮
118.200.197.166 goldenagri.com.sg - [05/Oct/2022:09:06:54 +0000] "GET / HTTP/2.0" 301 0 "-" "Mozilla/5.0 (Windows NT 10.0; Win64; x64) AppleWebKit/537.36 (KHTML, like Gecko) Chrome/105.0.0.0 Safari/537.36" | TLSv1.3 | 0.199 0.199 0.199 MISS 0 NC:000000 UP:-
‮
66.249.79.179 www.goldenagri.com.sg - [05/Oct/2022:09:06:52 +0000] "GET /palm-oil-refining-process/ HTTP/2.0" 200 51586 "-" "Mozilla/5.0 (Linux; Android 6.0.1; Nexus 5X Build/MMB29P) AppleWebKit/537.36 (KHTML, like Gecko) Chrome/106.0.5249.91 Mobile Safari/537.36 (compatible; Googlebot/2.1; +http://www.google.com/bot.html)" | TLSv1.3 | - - 0.216 HIT 0 NC:000000 UP:-
‮
182.72.145.197 www.goldenagri.com.sg - [05/Oct/2022:09:06:45 +0000] "GET /news-events/press-releases/ HTTP/2.0" 200 39422 "-" "Mozilla/5.0 (X11; Linux x86_64) AppleWebKit/537.11 (KHTML, like Gecko) Chrome/65.0.3325.181 Safari/537.11" | TLSv1.3 | - - 0.001 HIT 0 NC:000000 UP:-
‮
114.122.6.194 www.goldenagri.com.sg - [05/Oct/2022:09:06:43 +0000] "GET /wp-admin/admin-ajax.php?postviews_id=36544&action=postviews&_=1664960803218 HTTP/2.0" 200 4 "https://www.goldenagri.com.sg/id/work-with-us/" "Mozilla/5.0 (iPhone; CPU iPhone OS 15_3 like Mac OS X) AppleWebKit/605.1.15 (KHTML, like Gecko) Version/15.3 Mobile/15E148 Safari/604.1" | TLSv1.3 | 0.263 0.263 0.263 MISS 0 NC:000000 UP:SKIP_CACHE_NO_CACHE
‮
114.122.6.194 www.goldenagri.com.sg - [05/Oct/2022:09:06:43 +0000] "GET /?mcsf_action=main_css&ver=6.0.2 HTTP/2.0" 200 389 "https://www.goldenagri.com.sg/id/work-with-us/" "Mozilla/5.0 (iPhone; CPU iPhone OS 15_3 like Mac OS X) AppleWebKit/605.1.15 (KHTML, like Gecko) Version/15.3 Mobile/15E148 Safari/604.1" | TLSv1.3 | - - 0.000 HIT 0 NC:000000 UP:-
‮
114.122.6.194 www.goldenagri.com.sg - [05/Oct/2022:09:06:43 +0000] "GET /id/work-with-us/ HTTP/2.0" 200 15617 "https://www.google.co.id/" "Mozilla/5.0 (iPhone; CPU iPhone OS 15_3 like Mac OS X) AppleWebKit/605.1.15 (KHTML, like Gecko) Version/15.3 Mobile/15E148 Safari/604.1" | TLSv1.3 | - - 0.001 HIT 0 NC:000000 UP:-
‮
158.140.131.122 www.goldenagri.com.sg - [05/Oct/2022:09:06:30 +0000] "GET /wp-json/contact-form-7/v1/contact-forms/36598/refill HTTP/2.0" 200 2 "https://www.goldenagri.com.sg/contact-us/" "Mozilla/5.0 (X11; Linux x86_64; rv:78.0) Gecko/20100101 Firefox/78.0" | TLSv1.3 | 0.278 0.278 0.279 BYPASS 0 NC:000100 UP:-
‮
158.140.131.122 www.goldenagri.com.sg - [05/Oct/2022:09:06:30 +0000] "GET /wp-json/contact-form-7/v1/contact-forms/36598/feedback/schema HTTP/2.0" 200 214 "https://www.goldenagri.com.sg/contact-us/" "Mozilla/5.0 (X11; Linux x86_64; rv:78.0) Gecko/20100101 Firefox/78.0" | TLSv1.3 | 0.319 0.319 0.319 BYPASS 0 NC:000100 UP:-
‮
158.140.131.122 www.goldenagri.com.sg - [05/Oct/2022:09:06:30 +0000] "GET /wp-admin/admin-ajax.php?postviews_id=60990&action=postviews&_=1664960789705 HTTP/2.0" 200 5 "https://www.goldenagri.com.sg/contact-us/" "Mozilla/5.0 (X11; Linux x86_64; rv:78.0) Gecko/20100101 Firefox/78.0" | TLSv1.3 | 0.345 0.345 0.345 MISS 0 NC:000000 UP:SKIP_CACHE_NO_CACHE
‮
158.140.131.122 www.goldenagri.com.sg - [05/Oct/2022:09:06:29 +0000] "GET /?mcsf_action=main_css&ver=6.0.2 HTTP/2.0" 200 389 "https://www.goldenagri.com.sg/contact-us/" "Mozilla/5.0 (X11; Linux x86_64; rv:78.0) Gecko/20100101 Firefox/78.0" | TLSv1.3 | - - 0.000 HIT 0 NC:000000 UP:-
‮
158.140.131.122 www.goldenagri.com.sg - [05/Oct/2022:09:06:29 +0000] "GET /contact-us/ HTTP/2.0" 200 16971 "https://www.goldenagri.com.sg/" "Mozilla/5.0 (X11; Linux x86_64; rv:78.0) Gecko/20100101 Firefox/78.0" | TLSv1.3 | 0.401 0.402 0.402 BYPASS 0 NC:000100 UP:-
‮
108.174.5.112 www.goldenagri.com.sg - [05/Oct/2022:09:06:28 +0000] "GET /how-it-works-oil-palm-trees-replanting-programme/ HTTP/2.0" 200 54933 "-" "LinkedInBot/1.0 (compatible; Mozilla/5.0; Apache-HttpClient +http://www.linkedin.com)" | TLSv1.3 | - - 0.227 HIT 0 NC:000000 UP:-
‮
69.191.249.210 www.goldenagri.com.sg - [05/Oct/2022:09:06:26 +0000] "GET /investors/financial-highlights-reports-presentations/investor-presentations/ HTTP/2.0" 200 18300 "-" "Mozilla/5.0 (X11; Linux x86_64) AppleWebKit/537.36 (KHTML, like Gecko) Chrome/66.0.3359 Safari/537.36" | TLSv1.3 | - - 0.001 HIT 0 NC:000000 UP:-
‮
129.126.160.33 www.goldenagri.com.sg - [05/Oct/2022:09:06:13 +0000] "GET /wp-admin/admin-ajax.php?postviews_id=60984&action=postviews&_=1664960772961 HTTP/2.0" 200 5 "https://www.goldenagri.com.sg/investors/sgx-filings/" "Mozilla/5.0 (Windows NT 10.0; Win64; x64) AppleWebKit/537.36 (KHTML, like Gecko) Chrome/105.0.0.0 Safari/537.36 Edg/105.0.1343.53" | TLSv1.3 | 0.380 0.380 0.380 MISS 0 NC:000000 UP:SKIP_CACHE_NO_CACHE
‮
129.126.160.33 www.goldenagri.com.sg - [05/Oct/2022:09:06:12 +0000] "GET /?mcsf_action=main_css&ver=6.0.2 HTTP/2.0" 200 389 "https://www.goldenagri.com.sg/investors/sgx-filings/" "Mozilla/5.0 (Windows NT 10.0; Win64; x64) AppleWebKit/537.36 (KHTML, like Gecko) Chrome/105.0.0.0 Safari/537.36 Edg/105.0.1343.53" | TLSv1.3 | - - 0.000 HIT 0 NC:000000 UP:-
‮
129.126.160.33 www.goldenagri.com.sg - [05/Oct/2022:09:06:12 +0000] "GET /investors/sgx-filings/ HTTP/2.0" 200 64356 "https://www.goldenagri.com.sg/investors/shareholder-information/dividend/" "Mozilla/5.0 (Windows NT 10.0; Win64; x64) AppleWebKit/537.36 (KHTML, like Gecko) Chrome/105.0.0.0 Safari/537.36 Edg/105.0.1343.53" | TLSv1.3 | - - 0.000 HIT 0 NC:000000 UP:-
‮
158.140.131.122 www.goldenagri.com.sg - [05/Oct/2022:09:06:09 +0000] "GET /contact-us HTTP/2.0" 301 0 "https://www.goldenagri.com.sg/" "Mozilla/5.0 (X11; Linux x86_64; rv:78.0) Gecko/20100101 Firefox/78.0" | TLSv1.3 | 0.264 0.264 0.264 BYPASS 0 NC:000100 UP:-
‮
3.125.9.23 www.goldenagri.com.sg - [05/Oct/2022:09:06:07 +0000] "GET /investors/financial-highlights-reports-presentations/quarterly-reports/ HTTP/2.0" 200 17244 "-" "Mozilla/5.0 (X11; Linux x86_64) AppleWebKit/537.36 (KHTML, like Gecko) Ubuntu Chromium/79.0.3945.130 Chrome/79.0.3945.130 Safari/537.36" | TLSv1.3 | - - 0.000 HIT 0 NC:000000 UP:-
‮
3.125.9.23 www.goldenagri.com.sg - [05/Oct/2022:09:06:06 +0000] "GET /investors/financial-highlights-reports-presentations/quarterly-reports/ HTTP/2.0" 200 17244 "-" "Mozilla/5.0 (X11; Linux x86_64) AppleWebKit/537.36 (KHTML, like Gecko) Ubuntu Chromium/79.0.3945.130 Chrome/79.0.3945.130 Safari/537.36" | TLSv1.3 | - - 0.000 HIT 0 NC:000000 UP:-
‮
3.69.47.159 www.goldenagri.com.sg - [05/Oct/2022:09:06:04 +0000] "GET /investors/?EPTypeDesc=Annualreports HTTP/2.0" 200 19445 "-" "Mozilla/5.0 (X11; Linux x86_64) AppleWebKit/537.36 (KHTML, like Gecko) Ubuntu Chromium/79.0.3945.130 Chrome/79.0.3945.130 Safari/537.36" | TLSv1.3 | - - 0.000 HIT 0 NC:000000 UP:-
‮
51.222.253.15 www.goldenagri.com.sg - [05/Oct/2022:09:06:03 +0000] "GET /cn/work-with-us/graduates-professionals HTTP/2.0" 301 0 "-" "Mozilla/5.0 (compatible; AhrefsBot/7.0; +http://ahrefs.com/robot/)" | TLSv1.3 | 0.286 0.286 0.286 MISS 0 NC:000000 UP:-
‮
3.69.47.159 www.goldenagri.com.sg - [05/Oct/2022:09:06:03 +0000] "GET /investors/?EPTypeDesc=Annualreports HTTP/2.0" 200 19445 "-" "Mozilla/5.0 (X11; Linux x86_64) AppleWebKit/537.36 (KHTML, like Gecko) Ubuntu Chromium/79.0.3945.130 Chrome/79.0.3945.130 Safari/537.36" | TLSv1.3 | - - 0.001 HIT 0 NC:000000 UP:-
‮
129.126.160.33 www.goldenagri.com.sg - [05/Oct/2022:09:06:01 +0000] "GET /wp-admin/admin-ajax.php?postviews_id=60983&action=postviews&_=1664960761582 HTTP/2.0" 200 4 "https://www.goldenagri.com.sg/investors/shareholder-information/dividend/" "Mozilla/5.0 (Windows NT 10.0; Win64; x64) AppleWebKit/537.36 (KHTML, like Gecko) Chrome/105.0.0.0 Safari/537.36 Edg/105.0.1343.53" | TLSv1.3 | 0.300 0.300 0.300 MISS 0 NC:000000 UP:SKIP_CACHE_NO_CACHE
‮
129.126.160.33 www.goldenagri.com.sg - [05/Oct/2022:09:06:01 +0000] "GET /?mcsf_action=main_css&ver=6.0.2 HTTP/2.0" 200 389 "https://www.goldenagri.com.sg/investors/shareholder-information/dividend/" "Mozilla/5.0 (Windows NT 10.0; Win64; x64) AppleWebKit/537.36 (KHTML, like Gecko) Chrome/105.0.0.0 Safari/537.36 Edg/105.0.1343.53" | TLSv1.3 | - - 0.000 HIT 0 NC:000000 UP:-
‮
129.126.160.33 www.goldenagri.com.sg - [05/Oct/2022:09:06:01 +0000] "GET /investors/shareholder-information/dividend/ HTTP/2.0" 200 17626 "https://www.goldenagri.com.sg/investors/shareholder-information/shareholder-meetings/" "Mozilla/5.0 (Windows NT 10.0; Win64; x64) AppleWebKit/537.36 (KHTML, like Gecko) Chrome/105.0.0.0 Safari/537.36 Edg/105.0.1343.53" | TLSv1.3 | - - 0.000 HIT 0 NC:000000 UP:-
‮
129.126.160.33 www.goldenagri.com.sg - [05/Oct/2022:09:06:01 +0000] "GET /investors/shareholder-information/dividend HTTP/2.0" 301 0 "https://www.goldenagri.com.sg/investors/shareholder-information/shareholder-meetings/" "Mozilla/5.0 (Windows NT 10.0; Win64; x64) AppleWebKit/537.36 (KHTML, like Gecko) Chrome/105.0.0.0 Safari/537.36 Edg/105.0.1343.53" | TLSv1.3 | 0.303 0.303 0.304 MISS 0 NC:000000 UP:-
‮
118.200.197.166 goldenagri.com.sg - [05/Oct/2022:09:06:00 +0000] "GET /wp-content/uploads/2019/01/The-different-parts-of-palm-oil_factsheet_final.pdf HTTP/2.0" 200 5866427 "https://www.google.com/" "Mozilla/5.0 (Windows NT 10.0; Win64; x64) AppleWebKit/537.36 (KHTML, like Gecko) Chrome/105.0.0.0 Safari/537.36" | TLSv1.3 | - - 0.309 - 0 NC:000000 UP:-DT
‮
3.75.180.78 www.goldenagri.com.sg - [05/Oct/2022:09:05:59 +0000] "GET /investors/financial-highlights-reports-presentations/investor-presentations/ HTTP/2.0" 200 18300 "-" "Mozilla/5.0 (X11; Linux x86_64) AppleWebKit/537.36 (KHTML, like Gecko) Ubuntu Chromium/79.0.3945.130 Chrome/79.0.3945.130 Safari/537.36" | TLSv1.3 | - - 0.001 HIT 0 NC:000000 UP:-
‮
118.200.197.166 goldenagri.com.sg - [05/Oct/2022:09:05:59 +0000] "GET /favicon.ico HTTP/2.0" 200 15086 "https://goldenagri.com.sg/wp-content/uploads/2019/01/The-different-parts-of-palm-oil_factsheet_final.pdf" "Mozilla/5.0 (Windows NT 10.0; Win64; x64) AppleWebKit/537.36 (KHTML, like Gecko) Chrome/105.0.0.0 Safari/537.36" | TLSv1.3 | - - 0.000 - 0 NC:000000 UP:-DT
‮
3.75.180.78 www.goldenagri.com.sg - [05/Oct/2022:09:05:59 +0000] "GET /investors/financial-highlights-reports-presentations/investor-presentations/ HTTP/2.0" 200 18300 "-" "Mozilla/5.0 (X11; Linux x86_64) AppleWebKit/537.36 (KHTML, like Gecko) Ubuntu Chromium/79.0.3945.130 Chrome/79.0.3945.130 Safari/537.36" | TLSv1.3 | - - 0.001 HIT 0 NC:000000 UP:-
‮
69.191.249.220 www.goldenagri.com.sg - [05/Oct/2022:09:05:51 +0000] "GET /news-events/press-releases/ HTTP/2.0" 200 39422 "-" "Mozilla/5.0 (X11; Linux x86_64) AppleWebKit/537.36 (KHTML, like Gecko) Chrome/66.0.3359 Safari/537.36" | TLSv1.3 | - - 0.001 HIT 0 NC:000000 UP:-
‮
69.191.211.219 www.goldenagri.com.sg - [05/Oct/2022:09:05:51 +0000] "GET /about-us/our-leaderships/ HTTP/2.0" 200 21152 "-" "Mozilla/5.0 (Windows NT 10.0; Win64; x64) AppleWebKit/537.36 (KHTML, like Gecko) Chrome/94.0.4606.81 Safari/537.36" | TLSv1.3 | - - 0.001 HIT 0 NC:000000 UP:-
‮
3.96.138.189 www.goldenagri.com.sg - [05/Oct/2022:09:05:48 +0000] "GET /wp-admin/admin-ajax.php?postviews_id=36375&action=postviews&_=1664960747903 HTTP/2.0" 200 5 "https://www.goldenagri.com.sg/news-events/press-releases/" "Mozilla/5.0 (X11; Linux x86_64) AppleWebKit/537.36 (KHTML, like Gecko) Ubuntu Chromium/79.0.3945.130 Chrome/79.0.3945.130 Safari/537.36" | TLSv1.3 | 0.269 0.269 0.269 MISS 0 NC:000000 UP:SKIP_CACHE_NO_CACHE
‮
3.96.138.189 www.goldenagri.com.sg - [05/Oct/2022:09:05:47 +0000] "GET /news-events/press-releases/ HTTP/2.0" 200 39422 "-" "Mozilla/5.0 (X11; Linux x86_64) AppleWebKit/537.36 (KHTML, like Gecko) Ubuntu Chromium/79.0.3945.130 Chrome/79.0.3945.130 Safari/537.36" | TLSv1.3 | - - 0.002 HIT 0 NC:000000 UP:-
‮
3.72.111.223 www.goldenagri.com.sg - [05/Oct/2022:09:05:44 +0000] "GET /sustainability/sustainability-report/ HTTP/2.0" 200 19952 "-" "Mozilla/5.0 (X11; Linux x86_64) AppleWebKit/537.36 (KHTML, like Gecko) Ubuntu Chromium/79.0.3945.130 Chrome/79.0.3945.130 Safari/537.36" | TLSv1.3 | - - 0.001 HIT 0 NC:000000 UP:-
‮
129.126.160.33 www.goldenagri.com.sg - [05/Oct/2022:09:05:41 +0000] "GET /wp-admin/admin-ajax.php?postviews_id=36600&action=postviews&_=1664960741409 HTTP/2.0" 200 4 "https://www.goldenagri.com.sg/investors/shareholder-information/shareholder-meetings/" "Mozilla/5.0 (Windows NT 10.0; Win64; x64) AppleWebKit/537.36 (KHTML, like Gecko) Chrome/105.0.0.0 Safari/537.36 Edg/105.0.1343.53" | TLSv1.3 | 0.333 0.333 0.333 MISS 0 NC:000000 UP:SKIP_CACHE_NO_CACHE
‮
129.126.160.33 www.goldenagri.com.sg - [05/Oct/2022:09:05:41 +0000] "GET /?mcsf_action=main_css&ver=6.0.2 HTTP/2.0" 200 389 "https://www.goldenagri.com.sg/investors/shareholder-information/shareholder-meetings/" "Mozilla/5.0 (Windows NT 10.0; Win64; x64) AppleWebKit/537.36 (KHTML, like Gecko) Chrome/105.0.0.0 Safari/537.36 Edg/105.0.1343.53" | TLSv1.3 | - - 0.000 HIT 0 NC:000000 UP:-
‮
129.126.160.33 www.goldenagri.com.sg - [05/Oct/2022:09:05:41 +0000] "GET /investors/shareholder-information/shareholder-meetings/ HTTP/2.0" 200 17182 "https://www.goldenagri.com.sg/investors/financial-highlights-reports-presentations/investor-presentations/" "Mozilla/5.0 (Windows NT 10.0; Win64; x64) AppleWebKit/537.36 (KHTML, like Gecko) Chrome/105.0.0.0 Safari/537.36 Edg/105.0.1343.53" | TLSv1.3 | 0.448 0.450 0.450 MISS 0 NC:000000 UP:-
‮
129.126.160.33 www.goldenagri.com.sg - [05/Oct/2022:09:05:40 +0000] "GET /investors/shareholder-information/shareholder-meetings HTTP/2.0" 301 0 "https://www.goldenagri.com.sg/investors/financial-highlights-reports-presentations/investor-presentations/" "Mozilla/5.0 (Windows NT 10.0; Win64; x64) AppleWebKit/537.36 (KHTML, like Gecko) Chrome/105.0.0.0 Safari/537.36 Edg/105.0.1343.53" | TLSv1.3 | 0.309 0.309 0.309 MISS 0 NC:000000 UP:-
‮
114.122.6.194 goldenagri.com.sg - [05/Oct/2022:09:05:39 +0000] "GET /wp-content/uploads/2021/01/about-img.png HTTP/2.0" 200 79054 "https://www.smart-tbk.com/" "Mozilla/5.0 (iPhone; CPU iPhone OS 15_3 like Mac OS X) AppleWebKit/605.1.15 (KHTML, like Gecko) Version/15.3 Mobile/15E148 Safari/604.1" | TLSv1.3 | - - 0.025 - 0 NC:000000 UP:-DT
‮
3.72.111.223 www.goldenagri.com.sg - [05/Oct/2022:09:05:38 +0000] "GET /sustainability/sustainability-report/ HTTP/2.0" 200 19952 "-" "Mozilla/5.0 (X11; Linux x86_64) AppleWebKit/537.36 (KHTML, like Gecko) Ubuntu Chromium/79.0.3945.130 Chrome/79.0.3945.130 Safari/537.36" | TLSv1.3 | - - 0.001 HIT 0 NC:000000 UP:-
‮
129.126.160.33 www.goldenagri.com.sg - [05/Oct/2022:09:05:32 +0000] "GET /wp-admin/admin-ajax.php?postviews_id=63450&action=postviews&_=1664960732180 HTTP/2.0" 200 4 "https://www.goldenagri.com.sg/investors/financial-highlights-reports-presentations/investor-presentations/" "Mozilla/5.0 (Windows NT 10.0; Win64; x64) AppleWebKit/537.36 (KHTML, like Gecko) Chrome/105.0.0.0 Safari/537.36 Edg/105.0.1343.53" | TLSv1.3 | 0.318 0.318 0.318 MISS 0 NC:000000 UP:SKIP_CACHE_NO_CACHE
‮
129.126.160.33 www.goldenagri.com.sg - [05/Oct/2022:09:05:32 +0000] "GET /?mcsf_action=main_css&ver=6.0.2 HTTP/2.0" 200 389 "https://www.goldenagri.com.sg/investors/financial-highlights-reports-presentations/investor-presentations/" "Mozilla/5.0 (Windows NT 10.0; Win64; x64) AppleWebKit/537.36 (KHTML, like Gecko) Chrome/105.0.0.0 Safari/537.36 Edg/105.0.1343.53" | TLSv1.3 | - - 0.000 HIT 0 NC:000000 UP:-
‮
129.126.160.33 www.goldenagri.com.sg - [05/Oct/2022:09:05:32 +0000] "GET /investors/financial-highlights-reports-presentations/investor-presentations/ HTTP/2.0" 200 18300 "https://www.goldenagri.com.sg/investors/" "Mozilla/5.0 (Windows NT 10.0; Win64; x64) AppleWebKit/537.36 (KHTML, like Gecko) Chrome/105.0.0.0 Safari/537.36 Edg/105.0.1343.53" | TLSv1.3 | - - 0.000 HIT 0 NC:000000 UP:-
‮
158.140.131.122 www.goldenagri.com.sg - [05/Oct/2022:09:05:29 +0000] "GET /wp-admin/admin-ajax.php?postviews_id=60963&action=postviews&_=1664960729523 HTTP/2.0" 200 5 "https://www.goldenagri.com.sg/" "Mozilla/5.0 (X11; Linux x86_64; rv:78.0) Gecko/20100101 Firefox/78.0" | TLSv1.3 | 0.290 0.290 0.290 MISS 0 NC:000000 UP:SKIP_CACHE_NO_CACHE
‮
158.140.131.122 www.goldenagri.com.sg - [05/Oct/2022:09:05:29 +0000] "GET /?mcsf_action=main_css&ver=6.0.2 HTTP/2.0" 200 389 "https://www.goldenagri.com.sg/" "Mozilla/5.0 (X11; Linux x86_64; rv:78.0) Gecko/20100101 Firefox/78.0" | TLSv1.3 | - - 0.001 HIT 0 NC:000000 UP:-
‮
158.140.131.122 www.goldenagri.com.sg - [05/Oct/2022:09:05:28 +0000] "GET / HTTP/2.0" 200 18928 "-" "Mozilla/5.0 (X11; Linux x86_64; rv:78.0) Gecko/20100101 Firefox/78.0" | TLSv1.3 | - - 0.000 HIT 0 NC:000000 UP:-
‮
54.202.43.196 www.goldenagri.com.sg - [05/Oct/2022:09:05:27 +0000] "GET /feed/ HTTP/2.0" 200 105494 "-" "Mozilla/5.0 (X11; Linux x86_64) AppleWebKit/537.36 (KHTML, like Gecko) Chrome/83.0.4103.116 Safari/537.36" | TLSv1.3 | - - 0.208 HIT 0 NC:000000 UP:-
‮
115.178.194.205 www.goldenagri.com.sg - [05/Oct/2022:09:05:26 +0000] "POST /wp-admin/admin-ajax.php HTTP/2.0" 200 67 "https://www.goldenagri.com.sg/wp-admin/index.php" "Mozilla/5.0 (Windows NT 10.0; Win64; x64) AppleWebKit/537.36 (KHTML, like Gecko) Chrome/105.0.0.0 Safari/537.36" | TLSv1.3 | 0.319 0.319 0.320 - 0 NC:200000 UP:-DT
‮
54.202.43.196 goldenagri.com.sg - [05/Oct/2022:09:05:26 +0000] "GET /feed/ HTTP/1.1" 301 0 "-" "Mozilla/5.0 (X11; Linux x86_64) AppleWebKit/537.36 (KHTML, like Gecko) Chrome/83.0.4103.116 Safari/537.36" | TLSv1.3 | 0.260 0.260 0.260 MISS 0 NC:000000 UP:-
‮
35.197.184.115 www.goldenagri.com.sg - [05/Oct/2022:09:05:24 +0000] "GET /id/products-service/seeds/ HTTP/2.0" 200 16495 "http://damimas.com/new/web/" "Mozilla/5.0 (compatible; MonsidoUptime/1.0; +http://monsido.com/uptime.html; info@monsido.com)" | TLSv1.3 | - - 0.001 HIT 0 NC:000000 UP:-
‮
158.140.131.122 www.goldenagri.com.sg - [05/Oct/2022:09:05:21 +0000] "GET /wp-content/themes/gar-mdi/assets/fonts/metric-regular.woff HTTP/2.0" 200 34044 "https://www.goldenagri.com.sg/wp-content/themes/gar-mdi/assets/css/style.css?v3.1" "Mozilla/5.0 (X11; Linux x86_64; rv:78.0) Gecko/20100101 Firefox/78.0" | TLSv1.3 | - - 0.000 - 0 NC:000000 UP:-DT
‮
158.140.131.122 www.goldenagri.com.sg - [05/Oct/2022:09:05:17 +0000] "GET /wp-admin/admin-ajax.php?postviews_id=60963&action=postviews&_=1664960716112 HTTP/2.0" 200 5 "https://www.goldenagri.com.sg/" "Mozilla/5.0 (X11; Linux x86_64; rv:78.0) Gecko/20100101 Firefox/78.0" | TLSv1.3 | 0.353 0.353 0.353 MISS 0 NC:000000 UP:SKIP_CACHE_NO_CACHE
‮
129.126.160.33 www.goldenagri.com.sg - [05/Oct/2022:09:05:15 +0000] "GET /wp-admin/admin-ajax.php?postviews_id=36425&action=postviews&_=1664960715289 HTTP/2.0" 200 5 "https://www.goldenagri.com.sg/investors/" "Mozilla/5.0 (Windows NT 10.0; Win64; x64) AppleWebKit/537.36 (KHTML, like Gecko) Chrome/105.0.0.0 Safari/537.36 Edg/105.0.1343.53" | TLSv1.3 | 0.388 0.388 0.388 MISS 0 NC:000000 UP:SKIP_CACHE_NO_CACHE
‮
129.126.160.33 www.goldenagri.com.sg - [05/Oct/2022:09:05:15 +0000] "GET /?mcsf_action=main_css&ver=6.0.2 HTTP/2.0" 200 389 "https://www.goldenagri.com.sg/investors/" "Mozilla/5.0 (Windows NT 10.0; Win64; x64) AppleWebKit/537.36 (KHTML, like Gecko) Chrome/105.0.0.0 Safari/537.36 Edg/105.0.1343.53" | TLSv1.3 | - - 0.000 HIT 0 NC:000000 UP:-
‮
129.126.160.33 www.goldenagri.com.sg - [05/Oct/2022:09:05:15 +0000] "GET /investors/ HTTP/2.0" 200 19422 "https://www.goldenagri.com.sg/investors/" "Mozilla/5.0 (Windows NT 10.0; Win64; x64) AppleWebKit/537.36 (KHTML, like Gecko) Chrome/105.0.0.0 Safari/537.36 Edg/105.0.1343.53" | TLSv1.3 | - - 0.001 HIT 0 NC:000000 UP:-
‮
158.140.131.122 www.goldenagri.com.sg - [05/Oct/2022:09:05:14 +0000] "GET /?mcsf_action=main_css&ver=6.0.2 HTTP/2.0" 200 389 "https://www.goldenagri.com.sg/" "Mozilla/5.0 (X11; Linux x86_64; rv:78.0) Gecko/20100101 Firefox/78.0" | TLSv1.3 | - - 0.001 HIT 0 NC:000000 UP:-
‮
158.140.131.122 www.goldenagri.com.sg - [05/Oct/2022:09:05:14 +0000] "GET / HTTP/2.0" 200 18928 "-" "Mozilla/5.0 (X11; Linux x86_64; rv:78.0) Gecko/20100101 Firefox/78.0" | TLSv1.3 | - - 0.001 HIT 0 NC:000000 UP:-
‮
69.191.211.219 www.goldenagri.com.sg - [05/Oct/2022:09:05:11 +0000] "GET /about-us/our-leaderships/ HTTP/2.0" 200 21152 "-" "Mozilla/5.0 (Windows NT 10.0; Win64; x64) AppleWebKit/537.36 (KHTML, like Gecko) Chrome/94.0.4606.81 Safari/537.36" | TLSv1.3 | - - 0.001 HIT 0 NC:000000 UP:-
‮
69.191.249.220 www.goldenagri.com.sg - [05/Oct/2022:09:05:06 +0000] "GET /investors/financial-highlights-reports-presentations/quarterly-reports/ HTTP/2.0" 200 17244 "-" "Mozilla/5.0 (X11; Linux x86_64) AppleWebKit/537.36 (KHTML, like Gecko) Chrome/66.0.3359 Safari/537.36" | TLSv1.3 | - - 0.001 HIT 0 NC:000000 UP:-
‮
140.213.34.150 goldenagri.com.sg - [05/Oct/2022:09:05:04 +0000] "GET /wp-content/uploads/2017/05/detergent.jpg HTTP/2.0" 200 8484 "https://www.smart-tbk.com/10-produk-luar-biasa-berkat-minyak-kelapa-sawit/" "Mozilla/5.0 (Linux; Android 9; vivo 1904) AppleWebKit/537.36 (KHTML, like Gecko) Chrome/74.0.3729.136 Mobile Safari/537.36" | TLSv1.3 | - - 0.000 - 0 NC:000000 UP:-DT
‮
140.213.34.150 goldenagri.com.sg - [05/Oct/2022:09:05:04 +0000] "GET /wp-content/uploads/2017/05/biodiesel.jpg HTTP/2.0" 200 18061 "https://www.smart-tbk.com/10-produk-luar-biasa-berkat-minyak-kelapa-sawit/" "Mozilla/5.0 (Linux; Android 9; vivo 1904) AppleWebKit/537.36 (KHTML, like Gecko) Chrome/74.0.3729.136 Mobile Safari/537.36" | TLSv1.3 | - - 0.000 - 0 NC:000000 UP:-DT
‮
140.213.34.150 goldenagri.com.sg - [05/Oct/2022:09:05:04 +0000] "GET /wp-content/uploads/2017/05/shampoo.jpg HTTP/2.0" 200 6047 "https://www.smart-tbk.com/10-produk-luar-biasa-berkat-minyak-kelapa-sawit/" "Mozilla/5.0 (Linux; Android 9; vivo 1904) AppleWebKit/537.36 (KHTML, like Gecko) Chrome/74.0.3729.136 Mobile Safari/537.36" | TLSv1.3 | - - 0.000 - 0 NC:000000 UP:-DT
‮
140.213.34.150 goldenagri.com.sg - [05/Oct/2022:09:05:04 +0000] "GET /wp-content/uploads/2017/05/instant-noodle.jpg HTTP/2.0" 200 7806 "https://www.smart-tbk.com/10-produk-luar-biasa-berkat-minyak-kelapa-sawit/" "Mozilla/5.0 (Linux; Android 9; vivo 1904) AppleWebKit/537.36 (KHTML, like Gecko) Chrome/74.0.3729.136 Mobile Safari/537.36" | TLSv1.3 | - - 0.025 - 0 NC:000000 UP:-DT
‮
140.213.34.150 goldenagri.com.sg - [05/Oct/2022:09:05:04 +0000] "GET /wp-content/uploads/2017/05/butter.jpg HTTP/2.0" 200 6824 "https://www.smart-tbk.com/10-produk-luar-biasa-berkat-minyak-kelapa-sawit/" "Mozilla/5.0 (Linux; Android 9; vivo 1904) AppleWebKit/537.36 (KHTML, like Gecko) Chrome/74.0.3729.136 Mobile Safari/537.36" | TLSv1.3 | - - 0.025 - 0 NC:000000 UP:-DT
‮
140.213.34.150 goldenagri.com.sg - [05/Oct/2022:09:05:04 +0000] "GET /wp-content/uploads/2017/05/fragrant.jpg HTTP/2.0" 200 7336 "https://www.smart-tbk.com/10-produk-luar-biasa-berkat-minyak-kelapa-sawit/" "Mozilla/5.0 (Linux; Android 9; vivo 1904) AppleWebKit/537.36 (KHTML, like Gecko) Chrome/74.0.3729.136 Mobile Safari/537.36" | TLSv1.3 | - - 0.025 - 0 NC:000000 UP:-DT
‮
140.213.34.150 goldenagri.com.sg - [05/Oct/2022:09:05:04 +0000] "GET /wp-content/uploads/2017/05/cookie.jpg HTTP/2.0" 200 10088 "https://www.smart-tbk.com/10-produk-luar-biasa-berkat-minyak-kelapa-sawit/" "Mozilla/5.0 (Linux; Android 9; vivo 1904) AppleWebKit/537.36 (KHTML, like Gecko) Chrome/74.0.3729.136 Mobile Safari/537.36" | TLSv1.3 | - - 0.025 - 0 NC:000000 UP:-DT
‮
140.213.34.150 goldenagri.com.sg - [05/Oct/2022:09:05:04 +0000] "GET /wp-content/uploads/2017/05/lpstick.jpg HTTP/2.0" 200 7399 "https://www.smart-tbk.com/10-produk-luar-biasa-berkat-minyak-kelapa-sawit/" "Mozilla/5.0 (Linux; Android 9; vivo 1904) AppleWebKit/537.36 (KHTML, like Gecko) Chrome/74.0.3729.136 Mobile Safari/537.36" | TLSv1.3 | - - 0.017 - 0 NC:000000 UP:-DT
‮
140.213.34.150 goldenagri.com.sg - [05/Oct/2022:09:05:04 +0000] "GET /wp-content/uploads/2017/05/choco.jpg HTTP/2.0" 200 12390 "https://www.smart-tbk.com/10-produk-luar-biasa-berkat-minyak-kelapa-sawit/" "Mozilla/5.0 (Linux; Android 9; vivo 1904) AppleWebKit/537.36 (KHTML, like Gecko) Chrome/74.0.3729.136 Mobile Safari/537.36" | TLSv1.3 | - - 0.003 - 0 NC:000000 UP:-DT
‮
158.140.131.122 www.goldenagri.com.sg - [05/Oct/2022:09:04:45 +0000] "GET / HTTP/2.0" 200 18928 "-" "Mozilla/5.0 (Windows NT 10.0; Win64; x64; rv:92.0) Gecko/20100101 Firefox/92.0" | TLSv1.3 | - - 0.001 HIT 0 NC:000000 UP:-
‮
210.104.210.11 www.goldenagri.com.sg - [05/Oct/2022:09:04:36 +0000] "GET /cn/golden-agri-resources-gar-rebrands-its-animal-feed-supplements-as-gonutri-in-spain/ HTTP/2.0" 200 54019 "-" "Mozilla/5.0 (Windows NT 10.0; Win64; x64; rv:102.0) Gecko/20100101 Firefox/102.0" | TLSv1.3 | - - 0.099 HIT 0 NC:000000 UP:-
‮
182.72.145.197 www.goldenagri.com.sg - [05/Oct/2022:09:04:25 +0000] "GET /news-events/press-releases/ HTTP/2.0" 200 39422 "-" "Mozilla/5.0 (X11; Linux x86_64) AppleWebKit/537.11 (KHTML, like Gecko) Chrome/65.0.3325.181 Safari/537.11" | TLSv1.3 | - - 0.001 HIT 0 NC:000000 UP:-
‮
51.222.253.5 www.goldenagri.com.sg - [05/Oct/2022:09:04:19 +0000] "GET /cn/work-with-us HTTP/2.0" 301 0 "-" "Mozilla/5.0 (compatible; AhrefsBot/7.0; +http://ahrefs.com/robot/)" | TLSv1.3 | 0.208 0.208 0.208 MISS 0 NC:000000 UP:-
‮
2600:4041:54c6:e600:501e:e1b5:e5a5:4695 www.goldenagri.com.sg - [05/Oct/2022:09:04:13 +0000] "GET /feed/ HTTP/2.0" 304 0 "-" "Mozilla/5.0 (Windows NT 10.0; Win64; x64) AppleWebKit/537.36 (KHTML, like Gecko) Chrome/106.0.0.0 Safari/537.36" | TLSv1.3 | - - 0.001 HIT 0 NC:000000 UP:-
‮
35.197.184.115 www.goldenagri.com.sg - [05/Oct/2022:09:04:05 +0000] "GET / HTTP/2.0" 200 18928 "https://goldenagri.com.sg/" "Mozilla/5.0 (compatible; MonsidoUptime/1.0; +http://monsido.com/uptime.html; info@monsido.com)" | TLSv1.3 | - - 0.000 HIT 0 NC:000000 UP:-
‮
35.197.184.115 goldenagri.com.sg - [05/Oct/2022:09:04:05 +0000] "GET / HTTP/1.1" 301 0 "-" "Mozilla/5.0 (compatible; MonsidoUptime/1.0; +http://monsido.com/uptime.html; info@monsido.com)" | TLSv1.2 | 0.222 0.222 0.223 MISS 0 NC:000000 UP:-
‮
34.136.184.255 goldenagri.com.sg - [05/Oct/2022:09:03:48 +0000] "GET /wp-content/uploads/2017/07/310517-Mou-Signing-Sinarmas-dan-SNV-Noveradika-4-250x150.jpg HTTP/1.1" 200 10414 "-" "Mozilla/5.0 (X11; Ubuntu; Linux x86_64; rv:72.0) Gecko/20100101 Firefox/72.0" | TLSv1.3 | - - 0.000 - 0 NC:000000 UP:-DT
‮
135.125.11.160 www.goldenagri.com.sg - [05/Oct/2022:09:03:40 +0000] "GET /feed/ HTTP/2.0" 200 105494 "https://www.google.com" "Mozilla/5.0 (Windows NT 10.0; Win64; x64) AppleWebKit/537.36 (KHTML, like Gecko) Chrome/89.0.459.158 Safari/537.36" | TLSv1.3 | - - 0.162 HIT 0 NC:000000 UP:-
‮
135.125.11.160 goldenagri.com.sg - [05/Oct/2022:09:03:39 +0000] "GET /feed HTTP/1.1" 301 0 "https://www.google.com" "Mozilla/5.0 (Windows NT 10.0; Win64; x64) AppleWebKit/537.36 (KHTML, like Gecko) Chrome/89.0.459.158 Safari/537.36" | TLSv1.2 | 0.304 0.304 0.304 MISS 0 NC:000000 UP:-
‮
69.191.249.211 www.goldenagri.com.sg - [05/Oct/2022:09:03:32 +0000] "GET /investors/ HTTP/2.0" 200 19422 "-" "Mozilla/5.0 (X11; Linux x86_64) AppleWebKit/537.36 (KHTML, like Gecko) Chrome/66.0.3359 Safari/537.36" | TLSv1.3 | - - 0.001 HIT 0 NC:000000 UP:-
‮
115.178.194.205 www.goldenagri.com.sg - [05/Oct/2022:09:03:26 +0000] "POST /wp-admin/admin-ajax.php HTTP/2.0" 200 65 "https://www.goldenagri.com.sg/wp-admin/index.php" "Mozilla/5.0 (Windows NT 10.0; Win64; x64) AppleWebKit/537.36 (KHTML, like Gecko) Chrome/105.0.0.0 Safari/537.36" | TLSv1.3 | 0.327 0.327 0.327 - 0 NC:200000 UP:-DT
‮
182.72.145.197 www.goldenagri.com.sg - [05/Oct/2022:09:02:59 +0000] "GET /investors/sgx-filings/ HTTP/2.0" 200 64356 "-" "Mozilla/5.0 (X11; Linux x86_64) AppleWebKit/537.11 (KHTML, like Gecko) Chrome/65.0.3325.181 Safari/537.11" | TLSv1.3 | - - 0.001 HIT 0 NC:000000 UP:-
‮
195.93.211.65 www.goldenagri.com.sg - [05/Oct/2022:09:02:43 +0000] "GET /wp-content/uploads/2022/09/33488882768_ed6364a89f_k.jpg HTTP/2.0" 200 1595374 "https://www.goldenagri.com.sg/" "Mozilla/5.0 (Windows NT 10.0; Win64; x64) AppleWebKit/537.36 (KHTML, like Gecko) Chrome/105.0.0.0 Safari/537.36" | TLSv1.3 | - - 0.944 - 0 NC:000000 UP:-DT
‮
66.96.249.130 www.goldenagri.com.sg - [05/Oct/2022:09:02:43 +0000] "GET /wp-content/uploads/2019/04/graph.jpg HTTP/2.0" 200 206434 "https://www.goldenagri.com.sg/harnessing-biogas-in-palm-oil-production/" "Mozilla/5.0 (Windows NT 10.0; Win64; x64) AppleWebKit/537.36 (KHTML, like Gecko) Chrome/105.0.0.0 Safari/537.36" | TLSv1.3 | - - 0.014 - 0 NC:000000 UP:-DT
‮
195.93.211.65 www.goldenagri.com.sg - [05/Oct/2022:09:02:43 +0000] "GET /wp-content/uploads/2020/12/slide1-products.jpg HTTP/2.0" 200 993855 "https://www.goldenagri.com.sg/" "Mozilla/5.0 (Windows NT 10.0; Win64; x64) AppleWebKit/537.36 (KHTML, like Gecko) Chrome/105.0.0.0 Safari/537.36" | TLSv1.3 | - - 0.863 - 0 NC:000000 UP:-DT
‮
195.93.211.65 www.goldenagri.com.sg - [05/Oct/2022:09:02:43 +0000] "GET /wp-content/uploads/2021/01/GAR-Profile-photo_Gotz-Martin-2-scaled.jpg HTTP/2.0" 200 464719 "https://www.goldenagri.com.sg/" "Mozilla/5.0 (Windows NT 10.0; Win64; x64) AppleWebKit/537.36 (KHTML, like Gecko) Chrome/105.0.0.0 Safari/537.36" | TLSv1.3 | - - 0.768 - 0 NC:000000 UP:-DT
‮
195.93.211.65 www.goldenagri.com.sg - [05/Oct/2022:09:02:43 +0000] "GET /wp-content/uploads/2020/12/GAR-cn-building.jpg HTTP/2.0" 200 584735 "https://www.goldenagri.com.sg/" "Mozilla/5.0 (Windows NT 10.0; Win64; x64) AppleWebKit/537.36 (KHTML, like Gecko) Chrome/105.0.0.0 Safari/537.36" | TLSv1.3 | - - 0.684 - 0 NC:000000 UP:-DT
‮
195.93.211.65 www.goldenagri.com.sg - [05/Oct/2022:09:02:42 +0000] "GET /wp-content/uploads/2020/12/ISoc-1.png HTTP/2.0" 200 284734 "https://www.goldenagri.com.sg/" "Mozilla/5.0 (Windows NT 10.0; Win64; x64) AppleWebKit/537.36 (KHTML, like Gecko) Chrome/105.0.0.0 Safari/537.36" | TLSv1.3 | - - 0.500 - 0 NC:000000 UP:-DT
‮
195.93.211.65 www.goldenagri.com.sg - [05/Oct/2022:09:02:42 +0000] "GET /wp-content/uploads/2020/12/alex-kurniawan.jpg HTTP/2.0" 200 361189 "https://www.goldenagri.com.sg/" "Mozilla/5.0 (Windows NT 10.0; Win64; x64) AppleWebKit/537.36 (KHTML, like Gecko) Chrome/105.0.0.0 Safari/537.36" | TLSv1.3 | - - 0.471 - 0 NC:000000 UP:-DT
‮
195.93.211.65 www.goldenagri.com.sg - [05/Oct/2022:09:02:42 +0000] "GET /wp-content/uploads/2020/12/slide2-m-workwus.jpg HTTP/2.0" 200 104349 "https://www.goldenagri.com.sg/" "Mozilla/5.0 (Windows NT 10.0; Win64; x64) AppleWebKit/537.36 (KHTML, like Gecko) Chrome/105.0.0.0 Safari/537.36" | TLSv1.3 | - - 0.373 - 0 NC:000000 UP:-DT
‮
195.93.211.65 www.goldenagri.com.sg - [05/Oct/2022:09:02:42 +0000] "GET /wp-content/uploads/2020/12/filma-new-pack.png HTTP/2.0" 200 175854 "https://www.goldenagri.com.sg/" "Mozilla/5.0 (Windows NT 10.0; Win64; x64) AppleWebKit/537.36 (KHTML, like Gecko) Chrome/105.0.0.0 Safari/537.36" | TLSv1.3 | - - 0.372 - 0 NC:000000 UP:-DT
‮
195.93.211.65 www.goldenagri.com.sg - [05/Oct/2022:09:02:42 +0000] "GET /wp-content/uploads/2020/12/ic_float8.png HTTP/2.0" 200 4842 "https://www.goldenagri.com.sg/" "Mozilla/5.0 (Windows NT 10.0; Win64; x64) AppleWebKit/537.36 (KHTML, like Gecko) Chrome/105.0.0.0 Safari/537.36" | TLSv1.3 | - - 0.000 - 0 NC:000000 UP:-DT
‮
195.93.211.65 www.goldenagri.com.sg - [05/Oct/2022:09:02:42 +0000] "GET /wp-content/themes/gar-mdi/assets/js/script.js?v1 HTTP/2.0" 200 11971 "https://www.goldenagri.com.sg/" "Mozilla/5.0 (Windows NT 10.0; Win64; x64) AppleWebKit/537.36 (KHTML, like Gecko) Chrome/105.0.0.0 Safari/537.36" | TLSv1.3 | - - 0.000 - 0 NC:000000 UP:-DT
‮
195.93.211.65 www.goldenagri.com.sg - [05/Oct/2022:09:02:42 +0000] "GET /wp-includes/js/dist/vendor/wp-polyfill.min.js?ver=3.15.0 HTTP/2.0" 200 7967 "https://www.goldenagri.com.sg/" "Mozilla/5.0 (Windows NT 10.0; Win64; x64) AppleWebKit/537.36 (KHTML, like Gecko) Chrome/105.0.0.0 Safari/537.36" | TLSv1.3 | - - 0.000 - 0 NC:000000 UP:-DT
‮
195.93.211.65 www.goldenagri.com.sg - [05/Oct/2022:09:02:42 +0000] "GET /wp-content/plugins/contact-form-7/includes/js/index.js?ver=5.6.3 HTTP/2.0" 200 4386 "https://www.goldenagri.com.sg/" "Mozilla/5.0 (Windows NT 10.0; Win64; x64) AppleWebKit/537.36 (KHTML, like Gecko) Chrome/105.0.0.0 Safari/537.36" | TLSv1.3 | - - 0.000 - 0 NC:000100 UP:-DT
‮
195.93.211.65 www.goldenagri.com.sg - [05/Oct/2022:09:02:42 +0000] "GET /wp-content/themes/gar-mdi/assets/plugins/modernizr.js HTTP/2.0" 200 6686 "https://www.goldenagri.com.sg/" "Mozilla/5.0 (Windows NT 10.0; Win64; x64) AppleWebKit/537.36 (KHTML, like Gecko) Chrome/105.0.0.0 Safari/537.36" | TLSv1.3 | - - 0.000 - 0 NC:000000 UP:-DT
‮
195.93.211.65 www.goldenagri.com.sg - [05/Oct/2022:09:02:42 +0000] "GET /wp-content/uploads/2020/12/Group-3503.png HTTP/2.0" 200 6506 "https://www.goldenagri.com.sg/" "Mozilla/5.0 (Windows NT 10.0; Win64; x64) AppleWebKit/537.36 (KHTML, like Gecko) Chrome/105.0.0.0 Safari/537.36" | TLSv1.3 | - - 0.000 - 0 NC:000000 UP:-DT
‮
195.93.211.65 www.goldenagri.com.sg - [05/Oct/2022:09:02:42 +0000] "GET /wp-content/plugins/simple-download-monitor/js/sdm_wp_scripts.js?ver=6.0.2 HTTP/2.0" 200 1223 "https://www.goldenagri.com.sg/" "Mozilla/5.0 (Windows NT 10.0; Win64; x64) AppleWebKit/537.36 (KHTML, like Gecko) Chrome/105.0.0.0 Safari/537.36" | TLSv1.3 | - - 0.000 - 0 NC:000000 UP:-DT
‮
195.93.211.65 www.goldenagri.com.sg - [05/Oct/2022:09:02:42 +0000] "GET /wp-includes/js/dist/vendor/regenerator-runtime.min.js?ver=0.13.9 HTTP/2.0" 200 2647 "https://www.goldenagri.com.sg/" "Mozilla/5.0 (Windows NT 10.0; Win64; x64) AppleWebKit/537.36 (KHTML, like Gecko) Chrome/105.0.0.0 Safari/537.36" | TLSv1.3 | - - 0.000 - 0 NC:000000 UP:-DT
‮
195.93.211.65 www.goldenagri.com.sg - [05/Oct/2022:09:02:42 +0000] "GET /wp-content/uploads/2020/12/Group-3453.png HTTP/2.0" 200 8133 "https://www.goldenagri.com.sg/" "Mozilla/5.0 (Windows NT 10.0; Win64; x64) AppleWebKit/537.36 (KHTML, like Gecko) Chrome/105.0.0.0 Safari/537.36" | TLSv1.3 | - - 0.000 - 0 NC:000000 UP:-DT
‮
195.93.211.65 www.goldenagri.com.sg - [05/Oct/2022:09:02:42 +0000] "GET /wp-content/themes/gar-mdi/assets/plugins/popper.min.js HTTP/2.0" 200 10689 "https://www.goldenagri.com.sg/" "Mozilla/5.0 (Windows NT 10.0; Win64; x64) AppleWebKit/537.36 (KHTML, like Gecko) Chrome/105.0.0.0 Safari/537.36" | TLSv1.3 | - - 0.000 - 0 NC:000000 UP:-DT
‮
195.93.211.65 www.goldenagri.com.sg - [05/Oct/2022:09:02:42 +0000] "GET /wp-content/themes/gar-mdi/assets/plugins/normalize.min.css HTTP/2.0" 200 939 "https://www.goldenagri.com.sg/" "Mozilla/5.0 (Windows NT 10.0; Win64; x64) AppleWebKit/537.36 (KHTML, like Gecko) Chrome/105.0.0.0 Safari/537.36" | TLSv1.3 | - - 0.000 - 0 NC:000000 UP:-DT
‮
195.93.211.65 www.goldenagri.com.sg - [05/Oct/2022:09:02:42 +0000] "GET /wp-content/plugins/wpglobus/includes/js/wpglobus.min.js?ver=2.10.4 HTTP/2.0" 200 363 "https://www.goldenagri.com.sg/" "Mozilla/5.0 (Windows NT 10.0; Win64; x64) AppleWebKit/537.36 (KHTML, like Gecko) Chrome/105.0.0.0 Safari/537.36" | TLSv1.3 | - - 0.000 - 0 NC:000000 UP:-DT
‮
195.93.211.65 www.goldenagri.com.sg - [05/Oct/2022:09:02:42 +0000] "GET /wp-content/uploads/2020/12/Group-3482.png HTTP/2.0" 200 7059 "https://www.goldenagri.com.sg/" "Mozilla/5.0 (Windows NT 10.0; Win64; x64) AppleWebKit/537.36 (KHTML, like Gecko) Chrome/105.0.0.0 Safari/537.36" | TLSv1.3 | - - 0.000 - 0 NC:000000 UP:-DT
‮
195.93.211.65 www.goldenagri.com.sg - [05/Oct/2022:09:02:42 +0000] "GET /wp-content/uploads/2020/12/Group-3372.png HTTP/2.0" 200 8088 "https://www.goldenagri.com.sg/" "Mozilla/5.0 (Windows NT 10.0; Win64; x64) AppleWebKit/537.36 (KHTML, like Gecko) Chrome/105.0.0.0 Safari/537.36" | TLSv1.3 | - - 0.000 - 0 NC:000000 UP:-DT
‮
195.93.211.65 www.goldenagri.com.sg - [05/Oct/2022:09:02:42 +0000] "GET /wp-content/uploads/2020/12/SINARMAS-ICON-PUTIH-10.png HTTP/2.0" 200 1734 "https://www.goldenagri.com.sg/" "Mozilla/5.0 (Windows NT 10.0; Win64; x64) AppleWebKit/537.36 (KHTML, like Gecko) Chrome/105.0.0.0 Safari/537.36" | TLSv1.3 | - - 0.000 - 0 NC:000000 UP:-DT
‮
195.93.211.65 www.goldenagri.com.sg - [05/Oct/2022:09:02:42 +0000] "GET /wp-content/uploads/2020/12/Group-3581.png HTTP/2.0" 200 6376 "https://www.goldenagri.com.sg/" "Mozilla/5.0 (Windows NT 10.0; Win64; x64) AppleWebKit/537.36 (KHTML, like Gecko) Chrome/105.0.0.0 Safari/537.36" | TLSv1.3 | - - 0.000 - 0 NC:000000 UP:-DT
‮
195.93.211.65 www.goldenagri.com.sg - [05/Oct/2022:09:02:42 +0000] "GET /wp-content/uploads/2020/12/ic_float4.png HTTP/2.0" 200 4854 "https://www.goldenagri.com.sg/" "Mozilla/5.0 (Windows NT 10.0; Win64; x64) AppleWebKit/537.36 (KHTML, like Gecko) Chrome/105.0.0.0 Safari/537.36" | TLSv1.3 | - - 0.000 - 0 NC:000000 UP:-DT
‮
195.93.211.65 www.goldenagri.com.sg - [05/Oct/2022:09:02:42 +0000] "GET /wp-content/themes/gar-mdi/assets/plugins/OwlCarousel2/assets/owl.carousel.min.css HTTP/2.0" 200 1145 "https://www.goldenagri.com.sg/" "Mozilla/5.0 (Windows NT 10.0; Win64; x64) AppleWebKit/537.36 (KHTML, like Gecko) Chrome/105.0.0.0 Safari/537.36" | TLSv1.3 | - - 0.000 - 0 NC:000000 UP:-DT
‮
195.93.211.65 www.goldenagri.com.sg - [05/Oct/2022:09:02:42 +0000] "GET /wp-content/plugins/mailchimp//js/scrollTo.js?ver=1.5.7 HTTP/2.0" 200 1230 "https://www.goldenagri.com.sg/" "Mozilla/5.0 (Windows NT 10.0; Win64; x64) AppleWebKit/537.36 (KHTML, like Gecko) Chrome/105.0.0.0 Safari/537.36" | TLSv1.3 | - - 0.000 - 0 NC:000000 UP:-DT
‮
195.93.211.65 www.goldenagri.com.sg - [05/Oct/2022:09:02:42 +0000] "GET /wp-content/themes/gar-mdi/assets/img/gar-logo.svg HTTP/2.0" 200 17633 "https://www.goldenagri.com.sg/" "Mozilla/5.0 (Windows NT 10.0; Win64; x64) AppleWebKit/537.36 (KHTML, like Gecko) Chrome/105.0.0.0 Safari/537.36" | TLSv1.3 | - - 0.000 - 0 NC:000000 UP:-DT
‮
195.93.211.65 www.goldenagri.com.sg - [05/Oct/2022:09:02:42 +0000] "GET /wp-content/uploads/2020/12/ic_float2.png HTTP/2.0" 200 556 "https://www.goldenagri.com.sg/" "Mozilla/5.0 (Windows NT 10.0; Win64; x64) AppleWebKit/537.36 (KHTML, like Gecko) Chrome/105.0.0.0 Safari/537.36" | TLSv1.3 | - - 0.000 - 0 NC:000000 UP:-DT
‮
195.93.211.65 www.goldenagri.com.sg - [05/Oct/2022:09:02:42 +0000] "GET /wp-content/uploads/2020/12/Group-3504.png HTTP/2.0" 200 9160 "https://www.goldenagri.com.sg/" "Mozilla/5.0 (Windows NT 10.0; Win64; x64) AppleWebKit/537.36 (KHTML, like Gecko) Chrome/105.0.0.0 Safari/537.36" | TLSv1.3 | - - 0.000 - 0 NC:000000 UP:-DT
‮
195.93.211.65 www.goldenagri.com.sg - [05/Oct/2022:09:02:42 +0000] "GET /wp-content/uploads/2020/12/ICON-7.png HTTP/2.0" 200 2868 "https://www.goldenagri.com.sg/" "Mozilla/5.0 (Windows NT 10.0; Win64; x64) AppleWebKit/537.36 (KHTML, like Gecko) Chrome/105.0.0.0 Safari/537.36" | TLSv1.3 | - - 0.000 - 0 NC:000000 UP:-DT
‮
195.93.211.65 www.goldenagri.com.sg - [05/Oct/2022:09:02:42 +0000] "GET /wp-content/uploads/2020/12/Group-3439.png HTTP/2.0" 200 7732 "https://www.goldenagri.com.sg/" "Mozilla/5.0 (Windows NT 10.0; Win64; x64) AppleWebKit/537.36 (KHTML, like Gecko) Chrome/105.0.0.0 Safari/537.36" | TLSv1.3 | - - 0.000 - 0 NC:000000 UP:-DT
‮
195.93.211.65 www.goldenagri.com.sg - [05/Oct/2022:09:02:42 +0000] "GET /wp-content/uploads/2020/12/Group-3485.png HTTP/2.0" 200 6697 "https://www.goldenagri.com.sg/" "Mozilla/5.0 (Windows NT 10.0; Win64; x64) AppleWebKit/537.36 (KHTML, like Gecko) Chrome/105.0.0.0 Safari/537.36" | TLSv1.3 | - - 0.000 - 0 NC:000000 UP:-DT
‮
195.93.211.65 www.goldenagri.com.sg - [05/Oct/2022:09:02:42 +0000] "GET /wp-content/plugins/custom-twitter-feeds/css/ctf-styles.min.css?ver=2.0.3 HTTP/2.0" 200 3824 "https://www.goldenagri.com.sg/" "Mozilla/5.0 (Windows NT 10.0; Win64; x64) AppleWebKit/537.36 (KHTML, like Gecko) Chrome/105.0.0.0 Safari/537.36" | TLSv1.3 | - - 0.000 - 0 NC:000000 UP:-DT
‮
195.93.211.65 www.goldenagri.com.sg - [05/Oct/2022:09:02:42 +0000] "GET /wp-content/uploads/2020/12/ICON-5.png HTTP/2.0" 200 2933 "https://www.goldenagri.com.sg/" "Mozilla/5.0 (Windows NT 10.0; Win64; x64) AppleWebKit/537.36 (KHTML, like Gecko) Chrome/105.0.0.0 Safari/537.36" | TLSv1.3 | - - 0.000 - 0 NC:000000 UP:-DT
‮
195.93.211.65 www.goldenagri.com.sg - [05/Oct/2022:09:02:42 +0000] "GET /sustainability-dashboard/assets/css/dataTables/dataTables.bootstrap.css HTTP/2.0" 200 2231 "https://www.goldenagri.com.sg/" "Mozilla/5.0 (Windows NT 10.0; Win64; x64) AppleWebKit/537.36 (KHTML, like Gecko) Chrome/105.0.0.0 Safari/537.36" | TLSv1.3 | - - 0.000 - 0 NC:000000 UP:-DT
‮
